 zlibwapi

 Timestamp is 5fa0f159 (Tue Nov 03 13:57:45 2020)

 Preferred load address is 10000000

 Start         Length     Name                   Class
 0001:00000000 000368b1H .textbss                DATA
 0002:00000000 0007045dH .text                   CODE
 0002:00070460 0000112fH .text$x                 CODE
 0003:00000000 00000104H .CRT$XCA                DATA
 0003:00000104 00000104H .CRT$XCZ                DATA
 0003:00000208 00000104H .CRT$XIA                DATA
 0003:0000030c 00000113H .CRT$XIC                DATA
 0003:00000420 00000104H .CRT$XIZ                DATA
 0003:00000524 00000104H .CRT$XPA                DATA
 0003:00000628 00000109H .CRT$XPX                DATA
 0003:00000734 00000104H .CRT$XPXA               DATA
 0003:00000838 00000104H .CRT$XPZ                DATA
 0003:0000093c 00000104H .CRT$XTA                DATA
 0003:00000a40 00000104H .CRT$XTZ                DATA
 0003:00000b50 00012afaH .rdata                  DATA
 0003:0001364c 00000184H .rdata$debug            DATA
 0003:000137d0 0000032fH .rdata$r                DATA
 0003:00013b00 00000104H .rtc$IAA                DATA
 0003:00013c04 00000104H .rtc$IZZ                DATA
 0003:00013d08 00000104H .rtc$TAA                DATA
 0003:00013e0c 00000104H .rtc$TZZ                DATA
 0003:00013f10 00000f3aH .xdata$x                DATA
 0003:00014e50 00000eefH .edata                  DATA
 0004:00000000 0000153aH .data                   DATA
 0004:00001540 0000257cH .bss                    DATA
 0005:00000000 00000014H .idata$2                DATA
 0005:00000014 00000014H .idata$3                DATA
 0005:00000028 000001b4H .idata$4                DATA
 0005:000001dc 000001b4H .idata$5                DATA
 0005:00000390 00000790H .idata$6                DATA
 0006:00000000 00000169H .rsrc$01                DATA
 0006:00000170 000004d3H .rsrc$02                DATA

  Address         Publics by Value              Rva+Base       Lib:Object

 0000:00000000       ___safe_se_handler_count   00000000     <absolute>
 0000:00000000       ___safe_se_handler_table   00000000     <absolute>
 0000:00000000       __except_list              00000000     <absolute>
 0000:00000000       ___ImageBase               10000000     <linker-defined>
 0001:00000000       __enc$textbss$begin        10001000     <linker-defined>
 0001:000368b1       __enc$textbss$end          100378b1     <linker-defined>
 0002:000029c0       _longest_match             1003a9c0 f   match686.obj
 0002:00002ba8       _match_init                1003aba8 f   match686.obj
 0002:00002c30       _inflate_fast              1003ac30     inffas32.obj
 0002:000035c0       _adler32@12                1003b5c0 f   adler32.obj
 0002:00003b70       _adler32_combine@12        1003bb70 f   adler32.obj
 0002:00003cb0       _adler32_combine64@12      1003bcb0 f   adler32.obj
 0002:00003ce0       _compress2@20              1003bce0 f   compress.obj
 0002:00003de0       _compress@16               1003bde0 f   compress.obj
 0002:00003e20       _compressBound@4           1003be20 f   compress.obj
 0002:00003e60       _get_crc_table@0           1003be60 f   crc32.obj
 0002:00003e80       _crc32@12                  1003be80 f   crc32.obj
 0002:00004b80       _crc32_combine@12          1003cb80 f   crc32.obj
 0002:00004dd0       _crc32_combine64@12        1003cdd0 f   crc32.obj
 0002:00004e00       _deflateInit_@16           1003ce00 f   deflate.obj
 0002:00004e40       _deflateInit2_@32          1003ce40 f   deflate.obj
 0002:00005250       _deflateSetDictionary@12   1003d250 f   deflate.obj
 0002:00005490       _deflateReset@4            1003d490 f   deflate.obj
 0002:000055e0       _deflateSetHeader@8        1003d5e0 f   deflate.obj
 0002:00005640       _deflatePrime@12           1003d640 f   deflate.obj
 0002:000056b0       _deflateParams@12          1003d6b0 f   deflate.obj
 0002:00005830       _deflateTune@20            1003d830 f   deflate.obj
 0002:000058b0       _deflateBound@8            1003d8b0 f   deflate.obj
 0002:00005a90       _deflate@8                 1003da90 f   deflate.obj
 0002:00006e60       _deflateEnd@4              1003ee60 f   deflate.obj
 0002:00006ff0       _deflateCopy@8             1003eff0 f   deflate.obj
 0002:000093e0       _gzclose@4                 100413e0 f   gzclose.obj
 0002:00009440       _gzopen@8                  10041440 f   gzlib.obj
 0002:000098c0       _gzopen64@8                100418c0 f   gzlib.obj
 0002:000098f0       _gzdopen@8                 100418f0 f   gzlib.obj
 0002:00009980       _gzbuffer@8                10041980 f   gzlib.obj
 0002:00009a00       _gzrewind@4                10041a00 f   gzlib.obj
 0002:00009a90       _gzseek64@12               10041a90 f   gzlib.obj
 0002:00009d40       _gzseek@12                 10041d40 f   gzlib.obj
 0002:00009d90       _gztell64@4                10041d90 f   gzlib.obj
 0002:00009e10       _gztell@4                  10041e10 f   gzlib.obj
 0002:00009e60       _gzoffset64@4              10041e60 f   gzlib.obj
 0002:00009f00       _gzoffset@4                10041f00 f   gzlib.obj
 0002:00009f50       _gzeof@4                   10041f50 f   gzlib.obj
 0002:0000a000       _gzerror@8                 10042000 f   gzlib.obj
 0002:0000a090       _gzclearerr@4              10042090 f   gzlib.obj
 0002:0000a110       _gz_error                  10042110 f   gzlib.obj
 0002:0000a240       _gzread@12                 10042240 f   gzread.obj
 0002:0000b880       _gzgetc@4                  10043880 f   gzread.obj
 0002:0000b960       _gzungetc@8                10043960 f   gzread.obj
 0002:0000bb60       _gzgets@12                 10043b60 f   gzread.obj
 0002:0000bd60       _gzdirect@4                10043d60 f   gzread.obj
 0002:0000bdd0       _gzclose_r@4               10043dd0 f   gzread.obj
 0002:0000beb0       _gzwrite@12                10043eb0 f   gzwrite.obj
 0002:0000c580       _gzputc@8                  10044580 f   gzwrite.obj
 0002:0000c6b0       _gzputs@8                  100446b0 f   gzwrite.obj
 0002:0000c720       _gzprintf                  10044720 f   gzwrite.obj
 0002:0000c8c0       _gzflush@8                 100448c0 f   gzwrite.obj
 0002:0000c980       _gzsetparams@12            10044980 f   gzwrite.obj
 0002:0000cab0       _gzclose_w@4               10044ab0 f   gzwrite.obj
 0002:0000cbf0       _inflateBackInit_@20       10044bf0 f   infback.obj
 0002:0000cd40       _inflateBack@20            10044d40 f   infback.obj
 0002:0000e6a0       _inflateBackEnd@4          100466a0 f   infback.obj
 0002:0000e710       _inflateReset@4            10046710 f   inflate.obj
 0002:0000e860       _inflateReset2@8           10046860 f   inflate.obj
 0002:0000e970       _inflateInit2_@16          10046970 f   inflate.obj
 0002:0000eab0       _inflateInit_@12           10046ab0 f   inflate.obj
 0002:0000eae0       _inflatePrime@12           10046ae0 f   inflate.obj
 0002:0000ebb0       _inflate@8                 10046bb0 f   inflate.obj
 0002:00011720       _inflateEnd@4              10049720 f   inflate.obj
 0002:000117d0       _inflateSetDictionary@12   100497d0 f   inflate.obj
 0002:00011940       _inflateGetHeader@8        10049940 f   inflate.obj
 0002:000119b0       _inflateSync@4             100499b0 f   inflate.obj
 0002:00011c60       _inflateSyncPoint@4        10049c60 f   inflate.obj
 0002:00011cd0       _inflateCopy@8             10049cd0 f   inflate.obj
 0002:00011f10       _inflateUndermine@8        10049f10 f   inflate.obj
 0002:00011f80       _inflateMark@4             10049f80 f   inflate.obj
 0002:00012020       _inflate_table             1004a020 f   inftrees.obj
 0002:000127f0       _call_zopen64              1004a7f0 f   ioapi.obj
 0002:00012860       _call_zseek64              1004a860 f   ioapi.obj
 0002:00012910       _call_ztell64              1004a910 f   ioapi.obj
 0002:00012990       _fill_zlib_filefunc64_32_def_from_filefunc32 1004a990 f   ioapi.obj
 0002:00012a50       _fill_fopen_filefunc       1004aa50 f   ioapi.obj
 0002:00012d20       _fill_fopen64_filefunc     1004ad20 f   ioapi.obj
 0002:00012f20       _win32_open64_file_func    1004af20 f   iowin32.obj
 0002:000130f0       _win32_open64_file_funcA   1004b0f0 f   iowin32.obj
 0002:00013180       _win32_open64_file_funcW   1004b180 f   iowin32.obj
 0002:00013210       _win32_open_file_func      1004b210 f   iowin32.obj
 0002:000132a0       _win32_read_file_func      1004b2a0 f   iowin32.obj
 0002:00013330       _win32_write_file_func     1004b330 f   iowin32.obj
 0002:000133c0       _win32_tell_file_func      1004b3c0 f   iowin32.obj
 0002:00013450       _win32_tell64_file_func    1004b450 f   iowin32.obj
 0002:00013520       _win32_seek_file_func      1004b520 f   iowin32.obj
 0002:00013610       _win32_seek64_file_func    1004b610 f   iowin32.obj
 0002:00013710       _win32_close_file_func     1004b710 f   iowin32.obj
 0002:00013770       _win32_error_file_func     1004b770 f   iowin32.obj
 0002:000137b0       _fill_win32_filefunc       1004b7b0 f   iowin32.obj
 0002:00013830       _fill_win32_filefunc64     1004b830 f   iowin32.obj
 0002:000138b0       _fill_win32_filefunc64A    1004b8b0 f   iowin32.obj
 0002:00013930       _fill_win32_filefunc64W    1004b930 f   iowin32.obj
 0002:000139b0       __tr_init                  1004b9b0 f   trees.obj
 0002:00013bb0       __tr_stored_block          1004bbb0 f   trees.obj
 0002:00013d40       __tr_align                 1004bd40 f   trees.obj
 0002:00014340       __tr_flush_block           1004c340 f   trees.obj
 0002:000169c0       __tr_tally                 1004e9c0 f   trees.obj
 0002:00017a30       _uncompress@16             1004fa30 f   uncompr.obj
 0002:00017b30       _unzStringFileNameCompare@12 1004fb30 f   unzip.obj
 0002:00017c80       _unzOpen2@8                1004fc80 f   unzip.obj
 0002:00019070       _unzOpen2_64@8             10051070 f   unzip.obj
 0002:000190e0       _unzOpen@4                 100510e0 f   unzip.obj
 0002:00019110       _unzOpen64@4               10051110 f   unzip.obj
 0002:00019140       _unzClose@4                10051140 f   unzip.obj
 0002:000191c0       _unzGetGlobalInfo64@8      100511c0 f   unzip.obj
 0002:00019220       _unzGetGlobalInfo@8        10051220 f   unzip.obj
 0002:00019270       _unzGetCurrentFileInfo64@32 10051270 f   unzip.obj
 0002:00019c80       _unzGetCurrentFileInfo@32  10051c80 f   unzip.obj
 0002:00019dc0       _unzGoToFirstFile@4        10051dc0 f   unzip.obj
 0002:00019e80       _unzGoToNextFile@4         10051e80 f   unzip.obj
 0002:0001a000       _unzLocateFile@12          10052000 f   unzip.obj
 0002:0001a1c0       _unzGetFilePos64@8         100521c0 f   unzip.obj
 0002:0001a250       _unzGetFilePos@8           10052250 f   unzip.obj
 0002:0001a2a0       _unzGoToFilePos64@8        100522a0 f   unzip.obj
 0002:0001a360       _unzGoToFilePos@8          10052360 f   unzip.obj
 0002:0001a3c0       _unzOpenCurrentFile3@20    100523c0 f   unzip.obj
 0002:0001ac40       _unzOpenCurrentFile@4      10052c40 f   unzip.obj
 0002:0001ac70       _unzOpenCurrentFilePassword@8 10052c70 f   unzip.obj
 0002:0001aca0       _unzOpenCurrentFile2@16    10052ca0 f   unzip.obj
 0002:0001ace0       _unzGetCurrentFileZStreamPos64@4 10052ce0 f   unzip.obj
 0002:0001ad50       _unzReadCurrentFile@12     10052d50 f   unzip.obj
 0002:0001b380       _unztell@4                 10053380 f   unzip.obj
 0002:0001b3e0       _unztell64@4               100533e0 f   unzip.obj
 0002:0001b440       _unzeof@4                  10053440 f   unzip.obj
 0002:0001b4c0       _unzGetLocalExtrafield@12  100534c0 f   unzip.obj
 0002:0001b620       _unzCloseCurrentFile@4     10053620 f   unzip.obj
 0002:0001b740       _unzGetGlobalComment@12    10053740 f   unzip.obj
 0002:0001b840       _unzGetOffset64@4          10053840 f   unzip.obj
 0002:0001b910       _unzGetOffset@4            10053910 f   unzip.obj
 0002:0001b950       _unzSetOffset64@12         10053950 f   unzip.obj
 0002:0001ba00       _unzSetOffset@8            10053a00 f   unzip.obj
 0002:0001ba30       _LoadCentralDirectoryRecord 10053a30 f   zip.obj
 0002:0001cfc0       _zipOpen3@16               10054fc0 f   zip.obj
 0002:0001d240       _zipOpen2@16               10055240 f   zip.obj
 0002:0001d2b0       _zipOpen2_64@16            100552b0 f   zip.obj
 0002:0001d330       _zipOpen@8                 10055330 f   zip.obj
 0002:0001d360       _zipOpen64@8               10055360 f   zip.obj
 0002:0001d390       _Write_LocalFileHeader     10055390 f   zip.obj
 0002:0001d8e0       _zipOpenNewFileInZip4_64@76 100558e0 f   zip.obj
 0002:0001e760       _zipOpenNewFileInZip4@72   10056760 f   zip.obj
 0002:0001e7e0       _zipOpenNewFileInZip3@64   100567e0 f   zip.obj
 0002:0001e860       _zipOpenNewFileInZip3_64@68 10056860 f   zip.obj
 0002:0001e8e0       _zipOpenNewFileInZip2@44   100568e0 f   zip.obj
 0002:0001e950       _zipOpenNewFileInZip2_64@48 10056950 f   zip.obj
 0002:0001e9c0       _zipOpenNewFileInZip64@44  100569c0 f   zip.obj
 0002:0001ea30       _zipOpenNewFileInZip@40    10056a30 f   zip.obj
 0002:0001eaa0       _zipWriteInFileInZip@12    10056aa0 f   zip.obj
 0002:0001eec0       _zipCloseFileInZipRaw@12   10056ec0 f   zip.obj
 0002:0001eef0       _zipCloseFileInZipRaw64@16 10056ef0 f   zip.obj
 0002:0001f7a0       _zipCloseFileInZip@4       100577a0 f   zip.obj
 0002:0001f7d0       _Write_Zip64EndOfCentralDirectoryLocator 100577d0 f   zip.obj
 0002:0001f8c0       _Write_Zip64EndOfCentralDirectoryRecord 100578c0 f   zip.obj
 0002:0001fae0       _Write_EndOfCentralDirectoryRecord 10057ae0 f   zip.obj
 0002:0001fd60       _Write_GlobalComment       10057d60 f   zip.obj
 0002:0001fe20       _zipClose@8                10057e20 f   zip.obj
 0002:00020130       _zipRemoveExtraInfoBlock@12 10058130 f   zip.obj
 0002:000202b0       _zlibVersion@0             100582b0 f   zutil.obj
 0002:000202d0       _zlibCompileFlags@0        100582d0 f   zutil.obj
 0002:00020440       _zError@4                  10058440 f   zutil.obj
 0002:00020470       _zcalloc                   10058470 f   zutil.obj
 0002:000204b0       _zcfree                    100584b0 f   zutil.obj
 0002:000204d4       _CreateFileA@28            100584d4 f   kernel32:KERNEL32.dll
 0002:000204da       _CloseHandle@4             100584da f   kernel32:KERNEL32.dll
 0002:000204e0       _CreateFileW@28            100584e0 f   kernel32:KERNEL32.dll
 0002:000204e6       _GetLastError@0            100584e6 f   kernel32:KERNEL32.dll
 0002:000204ec       _ReadFile@20               100584ec f   kernel32:KERNEL32.dll
 0002:000204f2       _WriteFile@20              100584f2 f   kernel32:KERNEL32.dll
 0002:000204f8       _SetFilePointer@16         100584f8 f   kernel32:KERNEL32.dll
 0002:00020500       _memcpy                    10058500 f   LIBCMTD:memcpy.obj
 0002:00020940       _memset                    10058940 f   LIBCMTD:memset.obj
 0002:000209e0       _strcpy                    100589e0 f   LIBCMTD:strcat.obj
 0002:000209f0       _strcat                    100589f0 f   LIBCMTD:strcat.obj
 0002:00020b20       _strlen                    10058b20 f   LIBCMTD:strlen.obj
 0002:00020bd0       _free                      10058bd0 f   LIBCMTD:dbgfree.obj
 0002:00020bf0       _malloc                    10058bf0 f   LIBCMTD:dbgmalloc.obj
 0002:00020c30       _sprintf                   10058c30 f   LIBCMTD:sprintf.obj
 0002:00020e30       __sprintf_l                10058e30 f   LIBCMTD:sprintf.obj
 0002:00020e70       _sprintf_s                 10058e70 f   LIBCMTD:sprintf.obj
 0002:00020eb0       __sprintf_s_l              10058eb0 f   LIBCMTD:sprintf.obj
 0002:00020ef0       __snprintf_s               10058ef0 f   LIBCMTD:sprintf.obj
 0002:00020f30       __snprintf_s_l             10058f30 f   LIBCMTD:sprintf.obj
 0002:00020f70       __sprintf_p                10058f70 f   LIBCMTD:sprintf.obj
 0002:00020fb0       __sprintf_p_l              10058fb0 f   LIBCMTD:sprintf.obj
 0002:00020ff0       __scprintf                 10058ff0 f   LIBCMTD:sprintf.obj
 0002:00021020       __scprintf_p               10059020 f   LIBCMTD:sprintf.obj
 0002:00021050       __scprintf_l               10059050 f   LIBCMTD:sprintf.obj
 0002:00021080       __scprintf_p_l             10059080 f   LIBCMTD:sprintf.obj
 0002:000210b0       _strerror                  100590b0 f   LIBCMTD:strerror.obj
 0002:00021180       __invoke_watson_if_error   10059180 f i LIBCMTD:strerror.obj
 0002:000211c0       __get_sys_err_msg          100591c0 f i LIBCMTD:strerror.obj
 0002:00021210       _strerror_s                10059210 f   LIBCMTD:strerror.obj
 0002:00021380       __dosmaperr                10059380 f   LIBCMTD:dosmap.obj
 0002:000213c0       __get_errno_from_oserr     100593c0 f   LIBCMTD:dosmap.obj
 0002:00021460       __set_errno                10059460 f   LIBCMTD:dosmap.obj
 0002:000214a0       __get_errno                100594a0 f   LIBCMTD:dosmap.obj
 0002:00021540       __set_doserrno             10059540 f   LIBCMTD:dosmap.obj
 0002:00021580       __get_doserrno             10059580 f   LIBCMTD:dosmap.obj
 0002:00021620       __errno                    10059620 f   LIBCMTD:dosmap.obj
 0002:00021650       ___doserrno                10059650 f   LIBCMTD:dosmap.obj
 0002:00021680       _memchr                    10059680 f   LIBCMTD:memchr.obj
 0002:00021760       __vsnprintf_l              10059760 f   LIBCMTD:vsnprint.obj
 0002:00021990       __vsnprintf                10059990 f   LIBCMTD:vsnprint.obj
 0002:000219c0       __fsopen                   100599c0 f   LIBCMTD:fopen.obj
 0002:00021c50       _fopen                     10059c50 f   LIBCMTD:fopen.obj
 0002:00021c70       _fopen_s                   10059c70 f   LIBCMTD:fopen.obj
 0002:00021d40       _fread_s                   10059d40 f   LIBCMTD:fread.obj
 0002:00021ec0       __fread_nolock_s           10059ec0 f   LIBCMTD:fread.obj
 0002:00022610       _fread                     1005a610 f   LIBCMTD:fread.obj
 0002:00022640       __fread_nolock             1005a640 f   LIBCMTD:fread.obj
 0002:00022670       _fwrite                    1005a670 f   LIBCMTD:fwrite.obj
 0002:000227c0       __fwrite_nolock            1005a7c0 f   LIBCMTD:fwrite.obj
 0002:00022c80       _ftell                     1005ac80 f   LIBCMTD:ftell.obj
 0002:00022da0       __ftell_nolock             1005ada0 f   LIBCMTD:ftell.obj
 0002:00023120       _fseek                     1005b120 f   LIBCMTD:fseek.obj
 0002:000232f0       __fseek_nolock             1005b2f0 f   LIBCMTD:fseek.obj
 0002:00023410       _fclose                    1005b410 f   LIBCMTD:fclose.obj
 0002:00023560       __fclose_nolock            1005b560 f   LIBCMTD:fclose.obj
 0002:000236a0       _feof                      1005b6a0 f   LIBCMTD:feoferr.obj
 0002:00023730       _ferror                    1005b730 f   LIBCMTD:feoferr.obj
 0002:000237c0       __ftelli64                 1005b7c0 f   LIBCMTD:ftelli64.obj
 0002:000238f0       __ftelli64_nolock          1005b8f0 f   LIBCMTD:ftelli64.obj
 0002:00023fe0       __fseeki64                 1005bfe0 f   LIBCMTD:fseeki64.obj
 0002:000241b0       __fseeki64_nolock          1005c1b0 f   LIBCMTD:fseeki64.obj
 0002:00024340       _strcmp                    1005c340 f   LIBCMTD:strcmp.obj
 0002:000243f0       __allshl                   1005c3f0 f   LIBCMTD:llshl.obj
 0002:00024420       __allmul                   1005c420 f   LIBCMTD:llmul.obj
 0002:00024470       __aulldiv                  1005c470 f   LIBCMTD:ulldiv.obj
 0002:00024500       __aullshr                  1005c500 f   LIBCMTD:ullshr.obj
 0002:00024530       __chkstk                   1005c530 f   LIBCMTD:chkstk.obj
 0002:00024530       __alloca_probe             1005c530     LIBCMTD:chkstk.obj
 0002:00024570       _srand                     1005c570 f   LIBCMTD:rand.obj
 0002:00024590       _rand                      1005c590 f   LIBCMTD:rand.obj
 0002:000245e0       __time64                   1005c5e0 f   LIBCMTD:time64.obj
 0002:00024680       __CRT_INIT@12              1005c680 f   LIBCMTD:dllcrt0.obj
 0002:00024920       __DllMainCRTStartup@12     1005c920 f   LIBCMTD:dllcrt0.obj
 0002:00024b80       __VEC_memcpy               1005cb80 f   LIBCMTD:p4_memcpy.obj
 0002:00024cd0       ___sse2_available_init     1005ccd0 f   LIBCMTD:cpu_disp.obj
 0002:00024cf0       __VEC_memzero              1005ccf0 f   LIBCMTD:p4_memset.obj
 0002:00024de0       __malloc_dbg               1005cde0 f   LIBCMTD:dbgheap.obj
 0002:00024e20       __nh_malloc                1005ce20 f   LIBCMTD:dbgheap.obj
 0002:00024e50       __nh_malloc_dbg            1005ce50 f   LIBCMTD:dbgheap.obj
 0002:00024f50       __heap_alloc               1005cf50 f   LIBCMTD:dbgheap.obj
 0002:00025420       __heap_alloc_dbg           1005d420 f   LIBCMTD:dbgheap.obj
 0002:00025490       __calloc_dbg_impl          1005d490 f   LIBCMTD:dbgheap.obj
 0002:00025530       __calloc_dbg               1005d530 f   LIBCMTD:dbgheap.obj
 0002:000255a0       __recalloc                 1005d5a0 f   LIBCMTD:dbgheap.obj
 0002:000255e0       __realloc_dbg              1005d5e0 f   LIBCMTD:dbgheap.obj
 0002:00025e20       __recalloc_dbg             1005de20 f   LIBCMTD:dbgheap.obj
 0002:00025f00       __expand                   1005df00 f   LIBCMTD:dbgheap.obj
 0002:00025f30       __expand_dbg               1005df30 f   LIBCMTD:dbgheap.obj
 0002:00026080       __free_nolock              1005e080 f   LIBCMTD:dbgheap.obj
 0002:000260a0       __free_dbg                 1005e0a0 f   LIBCMTD:dbgheap.obj
 0002:00026140       __free_dbg_nolock          1005e140 f   LIBCMTD:dbgheap.obj
 0002:00026760       __msize                    1005e760 f   LIBCMTD:dbgheap.obj
 0002:00026780       __msize_dbg                1005e780 f   LIBCMTD:dbgheap.obj
 0002:000269e0       __CrtSetBreakAlloc         1005e9e0 f   LIBCMTD:dbgheap.obj
 0002:00026a10       __CrtSetDbgBlockType       1005ea10 f   LIBCMTD:dbgheap.obj
 0002:00026b30       __CrtSetAllocHook          1005eb30 f   LIBCMTD:dbgheap.obj
 0002:00026b60       __CrtGetAllocHook          1005eb60 f   LIBCMTD:dbgheap.obj
 0002:00026bc0       __CrtCheckMemory           1005ebc0 f   LIBCMTD:dbgheap.obj
 0002:00027130       __CrtSetDbgFlag            1005f130 f   LIBCMTD:dbgheap.obj
 0002:000272d0       __CrtDoForAllClientObjects 1005f2d0 f   LIBCMTD:dbgheap.obj
 0002:00027440       __CrtIsValidPointer        1005f440 f   LIBCMTD:dbgheap.obj
 0002:00027460       __CrtIsValidHeapPointer    1005f460 f   LIBCMTD:dbgheap.obj
 0002:000274c0       __CrtIsMemoryBlock         1005f4c0 f   LIBCMTD:dbgheap.obj
 0002:00027690       __CrtReportBlockType       1005f690 f   LIBCMTD:dbgheap.obj
 0002:000276d0       __CrtSetDumpClient         1005f6d0 f   LIBCMTD:dbgheap.obj
 0002:00027700       __CrtGetDumpClient         1005f700 f   LIBCMTD:dbgheap.obj
 0002:00027710       __CrtMemCheckpoint         1005f710 f   LIBCMTD:dbgheap.obj
 0002:000279b0       __CrtMemDifference         1005f9b0 f   LIBCMTD:dbgheap.obj
 0002:00027c50       __CrtMemDumpAllObjectsSince 1005fc50 f   LIBCMTD:dbgheap.obj
 0002:00027ca0       ??0_LocaleUpdate@@QAE@PAUlocaleinfo_struct@@@Z 1005fca0 f i LIBCMTD:dbgheap.obj
 0002:00027db0       ??1_LocaleUpdate@@QAE@XZ   1005fdb0 f i LIBCMTD:dbgheap.obj
 0002:00027df0       ?GetLocaleT@_LocaleUpdate@@QAEPAUlocaleinfo_struct@@XZ 1005fdf0 f i LIBCMTD:dbgheap.obj
 0002:000283f0       __invoke_watson_if_oneof   100603f0 f i LIBCMTD:dbgheap.obj
 0002:00028440       __CrtDumpMemoryLeaks       10060440 f   LIBCMTD:dbgheap.obj
 0002:000284e0       __CrtMemDumpStatistics     100604e0 f   LIBCMTD:dbgheap.obj
 0002:00028630       __aligned_malloc           10060630 f   LIBCMTD:dbgheap.obj
 0002:00028660       __aligned_malloc_dbg       10060660 f   LIBCMTD:dbgheap.obj
 0002:00028690       __aligned_realloc          10060690 f   LIBCMTD:dbgheap.obj
 0002:000286c0       __aligned_recalloc         100606c0 f   LIBCMTD:dbgheap.obj
 0002:000286f0       __aligned_realloc_dbg      100606f0 f   LIBCMTD:dbgheap.obj
 0002:00028720       __aligned_recalloc_dbg     10060720 f   LIBCMTD:dbgheap.obj
 0002:00028760       __aligned_offset_malloc    10060760 f   LIBCMTD:dbgheap.obj
 0002:00028790       __aligned_offset_malloc_dbg 10060790 f   LIBCMTD:dbgheap.obj
 0002:000289c0       __aligned_offset_realloc   100609c0 f   LIBCMTD:dbgheap.obj
 0002:000289f0       __aligned_offset_recalloc  100609f0 f   LIBCMTD:dbgheap.obj
 0002:00028a20       __aligned_offset_realloc_dbg 10060a20 f   LIBCMTD:dbgheap.obj
 0002:00028dd0       __aligned_offset_recalloc_dbg 10060dd0 f   LIBCMTD:dbgheap.obj
 0002:00028ec0       __aligned_free             10060ec0 f   LIBCMTD:dbgheap.obj
 0002:00028ee0       __aligned_free_dbg         10060ee0 f   LIBCMTD:dbgheap.obj
 0002:00028fc0       __CrtSetDebugFillThreshold 10060fc0 f   LIBCMTD:dbgheap.obj
 0002:00028ff0       __CrtSetCheckCount         10060ff0 f   LIBCMTD:dbgheap.obj
 0002:00029010       __CrtGetCheckCount         10061010 f   LIBCMTD:dbgheap.obj
 0002:00029020       __aligned_msize            10061020 f   LIBCMTD:dbgheap.obj
 0002:00029050       __aligned_msize_dbg        10061050 f   LIBCMTD:dbgheap.obj
 0002:000291a0       __flsbuf                   100611a0 f   LIBCMTD:_flsbuf.obj
 0002:00029510       __output_l                 10061510 f   LIBCMTD:output.obj
 0002:0002ae90       _get_int_arg               10062e90 f i LIBCMTD:output.obj
 0002:0002aec0       _get_int64_arg             10062ec0 f i LIBCMTD:output.obj
 0002:0002aef0       _get_short_arg             10062ef0 f i LIBCMTD:output.obj
 0002:0002af20       __initp_misc_invarg        10062f20 f   LIBCMTD:invarg.obj
 0002:0002af40       __invalid_parameter        10062f40 f   LIBCMTD:invarg.obj
 0002:0002afb0       __invoke_watson            10062fb0 f   LIBCMTD:invarg.obj
 0002:0002aff0       __call_reportfault         10062ff0 f   LIBCMTD:invarg.obj
 0002:0002b1a0       __set_invalid_parameter_handler 100631a0 f   LIBCMTD:invarg.obj
 0002:0002b1f0       __get_invalid_parameter_handler 100631f0 f   LIBCMTD:invarg.obj
 0002:0002b230       ?_invalid_parameter@@YAXPBG00II@Z 10063230 f   LIBCMTD:invarg.obj
 0002:0002b260       ?_invoke_watson@@YAXPBG00II@Z 10063260 f   LIBCMTD:invarg.obj
 0002:0002b290       __CrtSetReportHookW2       10063290 f   LIBCMTD:dbgrptw.obj
 0002:0002b680       __CrtDbgReportW            10063680 f   LIBCMTD:dbgrptw.obj
 0002:0002b6d0       __CrtDbgReportWV           100636d0 f i LIBCMTD:dbgrptw.obj
 0002:0002b700       ___crtMessageWindowW       10063700 f   LIBCMTD:dbgrptw.obj
 0002:0002bc00       ?_CrtDbgReportW@@YAHHPBGH00ZZ 10063c00 f   LIBCMTD:dbgrptw.obj
 0002:0002bc50       __vsprintf_l               10063c50 f   LIBCMTD:vsprintf.obj
 0002:0002be50       _vsprintf                  10063e50 f   LIBCMTD:vsprintf.obj
 0002:0002be80       __vscprintf_helper         10063e80 f   LIBCMTD:vsprintf.obj
 0002:0002bf90       __vscprintf                10063f90 f   LIBCMTD:vsprintf.obj
 0002:0002bfc0       __vscprintf_l              10063fc0 f   LIBCMTD:vsprintf.obj
 0002:0002bff0       __vscprintf_p              10063ff0 f   LIBCMTD:vsprintf.obj
 0002:0002c020       __vscprintf_p_l            10064020 f   LIBCMTD:vsprintf.obj
 0002:0002c050       __vsnprintf_helper         10064050 f   LIBCMTD:vsnprnc.obj
 0002:0002c2b0       __vsnprintf_c              100642b0 f   LIBCMTD:vsnprnc.obj
 0002:0002c310       __vsnprintf_c_l            10064310 f   LIBCMTD:vsnprnc.obj
 0002:0002c370       __vsprintf_s_l             10064370 f   LIBCMTD:vsnprnc.obj
 0002:0002c670       _vsprintf_s                10064670 f   LIBCMTD:vsnprnc.obj
 0002:0002c6a0       __vsnprintf_s_l            100646a0 f   LIBCMTD:vsnprnc.obj
 0002:0002cb20       __vsnprintf_s              10064b20 f   LIBCMTD:vsnprnc.obj
 0002:0002cb50       __vsprintf_p               10064b50 f   LIBCMTD:vsnprnc.obj
 0002:0002cbb0       __vsprintf_p_l             10064bb0 f   LIBCMTD:vsnprnc.obj
 0002:0002cc10       _strcpy_s                  10064c10 f   LIBCMTD:strcpy_s.obj
 0002:0002cfa0       __encoded_null             10064fa0 f   LIBCMTD:tidtable.obj
 0002:0002cfc0       ___crtTlsAlloc@4           10064fc0 f   LIBCMTD:tidtable.obj
 0002:0002cfe0       ___fls_getvalue@4          10064fe0 f   LIBCMTD:tidtable.obj
 0002:0002d010       ___get_flsindex            10065010 f   LIBCMTD:tidtable.obj
 0002:0002d020       ___set_flsgetvalue         10065020 f   LIBCMTD:tidtable.obj
 0002:0002d080       ___fls_setvalue@8          10065080 f   LIBCMTD:tidtable.obj
 0002:0002d0b0       __mtinit                   100650b0 f   LIBCMTD:tidtable.obj
 0002:0002d330       __mtterm                   10065330 f   LIBCMTD:tidtable.obj
 0002:0002d3a0       __initptd                  100653a0 f   LIBCMTD:tidtable.obj
 0002:0002d510       __getptd_noexit            10065510 f   LIBCMTD:tidtable.obj
 0002:0002d600       __getptd                   10065600 f   LIBCMTD:tidtable.obj
 0002:0002d630       __freefls@4                10065630 f   LIBCMTD:tidtable.obj
 0002:0002d8c0       __freeptd                  100658c0 f   LIBCMTD:tidtable.obj
 0002:0002d960       ___threadid                10065960 f   LIBCMTD:tidtable.obj
 0002:0002d970       ___threadhandle            10065970 f   LIBCMTD:tidtable.obj
 0002:0002d980       ___sys_nerr                10065980 f   LIBCMTD:syserr.obj
 0002:0002d990       ___sys_errlist             10065990 f   LIBCMTD:syserr.obj
 0002:0002d9a0       _strncpy_s                 100659a0 f   LIBCMTD:strncpy_s.obj
 0002:0002de90       ___iob_func                10065e90 f   LIBCMTD:_file.obj
 0002:0002dea0       ___initstdio               10065ea0 f   LIBCMTD:_file.obj
 0002:0002e040       ___endstdio                10066040 f   LIBCMTD:_file.obj
 0002:0002e080       __lock_file                10066080 f   LIBCMTD:_file.obj
 0002:0002e0f0       __lock_file2               100660f0 f   LIBCMTD:_file.obj
 0002:0002e140       __unlock_file              10066140 f   LIBCMTD:_file.obj
 0002:0002e1b0       __unlock_file2             100661b0 f   LIBCMTD:_file.obj
 0002:0002e200       __openfile                 10066200 f   LIBCMTD:_open.obj
 0002:0002ebb0       __getstream                10066bb0 f   LIBCMTD:stream.obj
 0002:0002eeb0       __except_handler4          10066eb0 f   LIBCMTD:chandler4.obj
 0002:0002f160       __local_unwind4            10067160 f   LIBCMTD:exsup4.obj
 0002:0002f236       __seh_longjmp_unwind4@4    10067236 f   LIBCMTD:exsup4.obj
 0002:0002f252       @_EH4_CallFilterFunc@8     10067252 f   LIBCMTD:exsup4.obj
 0002:0002f269       @_EH4_TransferToHandler@8  10067269 f   LIBCMTD:exsup4.obj
 0002:0002f282       @_EH4_GlobalUnwind2@8      10067282 f   LIBCMTD:exsup4.obj
 0002:0002f29b       @_EH4_LocalUnwind@16       1006729b f   LIBCMTD:exsup4.obj
 0002:0002f310       __filbuf                   10067310 f   LIBCMTD:_filbuf.obj
 0002:0002f5f0       _read                      100675f0 f   LIBCMTD:read.obj
 0002:0002f5f0       __read                     100675f0 f   LIBCMTD:read.obj
 0002:0002f930       __read_nolock              10067930 f   LIBCMTD:read.obj
 0002:00030c50       __fileno                   10068c50 f   LIBCMTD:fileno.obj
 0002:00030ce0       _memcpy_s                  10068ce0 f   LIBCMTD:memcpy_s.obj
 0002:00030ed0       _write                     10068ed0 f   LIBCMTD:write.obj
 0002:00030ed0       __write                    10068ed0 f   LIBCMTD:write.obj
 0002:00031180       __write_nolock             10069180 f   LIBCMTD:write.obj
 0002:00031f90       _fflush                    10069f90 f   LIBCMTD:fflush.obj
 0002:00032050       __fflush_nolock            1006a050 f   LIBCMTD:fflush.obj
 0002:000320c0       __flush                    1006a0c0 f   LIBCMTD:fflush.obj
 0002:000321b0       __flushall                 1006a1b0 f   LIBCMTD:fflush.obj
 0002:000323e0       __ioinit                   1006a3e0 f   LIBCMTD:ioinit.obj
 0002:00032900       __ioterm                   1006a900 f   LIBCMTD:ioinit.obj
 0002:000329d0       __lseek                    1006a9d0 f   LIBCMTD:lseek.obj
 0002:000329d0       _lseek                     1006a9d0 f   LIBCMTD:lseek.obj
 0002:00032c80       __lseek_nolock             1006ac80 f   LIBCMTD:lseek.obj
 0002:00032d90       __close                    1006ad90 f   LIBCMTD:close.obj
 0002:00032d90       _close                     1006ad90 f   LIBCMTD:close.obj
 0002:00033030       __close_nolock             1006b030 f   LIBCMTD:close.obj
 0002:00033130       __freebuf                  1006b130 f   LIBCMTD:_freebuf.obj
 0002:000331e0       __lseeki64                 1006b1e0 f   LIBCMTD:lseeki64.obj
 0002:000334c0       __lseeki64_nolock          1006b4c0 f   LIBCMTD:lseeki64.obj
 0002:000335f0       @__security_check_cookie@4 1006b5f0 f   LIBCMTD:secchk.obj
 0002:00033610       __cinit                    1006b610 f   LIBCMTD:crt0dat.obj
 0002:000336e0       _exit                      1006b6e0 f   LIBCMTD:crt0dat.obj
 0002:00033700       __exit                     1006b700 f   LIBCMTD:crt0dat.obj
 0002:00033720       __cexit                    1006b720 f   LIBCMTD:crt0dat.obj
 0002:00033740       __c_exit                   1006b740 f   LIBCMTD:crt0dat.obj
 0002:00033760       __amsg_exit                1006b760 f   LIBCMTD:crt0dat.obj
 0002:00033790       ___freeCrtMemory           1006b790 f   LIBCMTD:crt0dat.obj
 0002:00033ba0       ___crtCorExitProcess       1006bba0 f   LIBCMTD:crt0dat.obj
 0002:00033bf0       ___crtExitProcess          1006bbf0 f   LIBCMTD:crt0dat.obj
 0002:00033c20       __lockexit                 1006bc20 f   LIBCMTD:crt0dat.obj
 0002:00033c40       __unlockexit               1006bc40 f   LIBCMTD:crt0dat.obj
 0002:00033c60       __init_pointers            1006bc60 f   LIBCMTD:crt0dat.obj
 0002:00033d10       __initterm_e               1006bd10 f   LIBCMTD:crt0dat.obj
 0002:00033d60       __get_wpgmptr              1006bd60 f   LIBCMTD:crt0dat.obj
 0002:00033e90       __get_pgmptr               1006be90 f   LIBCMTD:crt0dat.obj
 0002:00033fc0       __setenvp                  1006bfc0 f   LIBCMTD:stdenvp.obj
 0002:000341d0       __setargv                  1006c1d0 f   LIBCMTD:stdargv.obj
 0002:00034330       __set_pgmptr               1006c330 f i LIBCMTD:stdargv.obj
 0002:00034790       ___crtGetEnvironmentStringsA 1006c790 f   LIBCMTD:a_env.obj
 0002:000348d0       __RTC_Initialize           1006c8d0 f   LIBCMTD:_initsect_.obj
 0002:00034900       __RTC_Terminate            1006c900 f   LIBCMTD:_initsect_.obj
 0002:00034930       __heap_init                1006c930 f   LIBCMTD:heapinit.obj
 0002:00034980       __heap_term                1006c980 f   LIBCMTD:heapinit.obj
 0002:000349b0       __get_heap_handle          1006c9b0 f   LIBCMTD:heapinit.obj
 0002:000349f0       ___security_init_cookie    1006c9f0 f   LIBCMTD:gs_support.obj
 0002:00034b10       ___CppXcptFilter           1006cb10 f   LIBCMTD:winxfltr.obj
 0002:00034b40       __XcptFilter               1006cb40 f   LIBCMTD:winxfltr.obj
 0002:00034e30       _DllMain@12                1006ce30 f   LIBCMTD:dllmain.obj
 0002:00034e50       __initp_heap_handler       1006ce50 f   LIBCMTD:handler.obj
 0002:00034e70       ?_set_new_handler@@YAP6AHI@ZP6AHI@Z@Z 1006ce70 f   LIBCMTD:handler.obj
 0002:00034ec0       ?_set_new_handler@@YAP6AHI@ZH@Z 1006cec0 f   LIBCMTD:handler.obj
 0002:00034f10       ?_query_new_handler@@YAP6AHI@ZXZ 1006cf10 f   LIBCMTD:handler.obj
 0002:00034f30       __callnewh                 1006cf30 f   LIBCMTD:handler.obj
 0002:00034f80       __mtinitlocks              1006cf80 f   LIBCMTD:mlock.obj
 0002:00035030       __mtdeletelocks            1006d030 f   LIBCMTD:mlock.obj
 0002:00035120       __mtinitlocknum            1006d120 f   LIBCMTD:mlock.obj
 0002:000352c0       __lock                     1006d2c0 f   LIBCMTD:mlock.obj
 0002:00035310       __unlock                   1006d310 f   LIBCMTD:mlock.obj
 0002:00035330       __lockerr_exit             1006d330 f   LIBCMTD:mlock.obj
 0002:00035360       __malloc_base              1006d360 f   LIBCMTD:malloc.obj
 0002:00035410       __heap_alloc_base          1006d410 f i LIBCMTD:malloc.obj
 0002:00035480       __CrtSetReportHook2        1006d480 f   LIBCMTD:dbgrpt.obj
 0002:00035870       __CrtDbgReport             1006d870 f   LIBCMTD:dbgrpt.obj
 0002:000358c0       __CrtDbgReportV            1006d8c0 f i LIBCMTD:dbgrpt.obj
 0002:000358f0       ___crtMessageWindowA       1006d8f0 f   LIBCMTD:dbgrpt.obj
 0002:00035df0       __CrtDefaultAllocHook      1006ddf0 f   LIBCMTD:dbghook.obj
 0002:00035e00       __crt_debugger_hook        1006de00 f   LIBCMTD:dbghook.obj
 0002:00035e20       __expand_base              1006de20 f   LIBCMTD:expand.obj
 0002:00035fd0       __realloc_base             1006dfd0 f   LIBCMTD:realloc.obj
 0002:00036110       __free_base                1006e110 f   LIBCMTD:free.obj
 0002:00036180       __heapchk                  1006e180 f   LIBCMTD:heapchk.obj
 0002:000361c0       __heapset                  1006e1c0 f   LIBCMTD:heapchk.obj
 0002:000361d0       ___updatetmbcinfo          1006e1d0 f   LIBCMTD:mbctype.obj
 0002:00036320       __setmbcp                  1006e320 f   LIBCMTD:mbctype.obj
 0002:000367b0       __setmbcp_nolock           1006e7b0 f   LIBCMTD:mbctype.obj
 0002:00037190       __getmbcp                  1006f190 f   LIBCMTD:mbctype.obj
 0002:00037220       ___initmbctable            1006f220 f   LIBCMTD:mbctype.obj
 0002:00037250       ___addlocaleref            1006f250 f   LIBCMTD:localref.obj
 0002:000373c0       ___removelocaleref         1006f3c0 f   LIBCMTD:localref.obj
 0002:00037540       ___freetlocinfo            1006f540 f   LIBCMTD:localref.obj
 0002:000378e0       __updatetlocinfoEx_nolock  1006f8e0 f   LIBCMTD:localref.obj
 0002:00037980       ___updatetlocinfo          1006f980 f   LIBCMTD:localref.obj
 0002:00037a80       __chvalidator              1006fa80 f   LIBCMTD:isctype.obj
 0002:00037ae0       __chvalidator_l            1006fae0 f   LIBCMTD:isctype.obj
 0002:00037bc0       __isctype_l                1006fbc0 f   LIBCMTD:isctype.obj
 0002:00037d20       __isctype                  1006fd20 f   LIBCMTD:isctype.obj
 0002:00037d70       __getbuf                   1006fd70 f   LIBCMTD:_getbuf.obj
 0002:00037e70       __isatty                   1006fe70 f   LIBCMTD:isatty.obj
 0002:00037f60       __initp_misc_cfltcvt_tab   1006ff60 f   LIBCMTD:cmiscdat.obj
 0002:00037fb0       _printf                    1006ffb0 f   LIBCMTD:printf.obj
 0002:00038140       __printf_l                 10070140 f   LIBCMTD:printf.obj
 0002:00038170       __printf_s_l               10070170 f   LIBCMTD:printf.obj
 0002:000381a0       _printf_s                  100701a0 f   LIBCMTD:printf.obj
 0002:000381d0       __printf_p_l               100701d0 f   LIBCMTD:printf.obj
 0002:00038200       __printf_p                 10070200 f   LIBCMTD:printf.obj
 0002:00038230       __set_printf_count_output  10070230 f   LIBCMTD:printf.obj
 0002:00038290       __get_printf_count_output  10070290 f   LIBCMTD:printf.obj
 0002:000382c0       __wctomb_s_l               100702c0 f   LIBCMTD:wctomb.obj
 0002:00038680       _wctomb_s                  10070680 f   LIBCMTD:wctomb.obj
 0002:000386b0       __wctomb_l                 100706b0 f   LIBCMTD:wctomb.obj
 0002:00038750       _wctomb                    10070750 f   LIBCMTD:wctomb.obj
 0002:000387b0       __isleadbyte_l             100707b0 f i LIBCMTD:_wctype.obj
 0002:00038810       _isleadbyte                10070810 f i LIBCMTD:_wctype.obj
 0002:00038830       __iswalpha_l               10070830 f i LIBCMTD:_wctype.obj
 0002:00038850       _iswalpha                  10070850 f i LIBCMTD:_wctype.obj
 0002:00038870       __iswupper_l               10070870 f i LIBCMTD:_wctype.obj
 0002:00038890       _iswupper                  10070890 f i LIBCMTD:_wctype.obj
 0002:000388b0       __iswlower_l               100708b0 f i LIBCMTD:_wctype.obj
 0002:000388d0       _iswlower                  100708d0 f i LIBCMTD:_wctype.obj
 0002:000388f0       __iswdigit_l               100708f0 f i LIBCMTD:_wctype.obj
 0002:00038910       _iswdigit                  10070910 f i LIBCMTD:_wctype.obj
 0002:00038930       __iswxdigit_l              10070930 f i LIBCMTD:_wctype.obj
 0002:00038950       _iswxdigit                 10070950 f i LIBCMTD:_wctype.obj
 0002:00038970       __iswspace_l               10070970 f i LIBCMTD:_wctype.obj
 0002:00038990       _iswspace                  10070990 f i LIBCMTD:_wctype.obj
 0002:000389b0       __iswpunct_l               100709b0 f i LIBCMTD:_wctype.obj
 0002:000389d0       _iswpunct                  100709d0 f i LIBCMTD:_wctype.obj
 0002:000389f0       __iswalnum_l               100709f0 f i LIBCMTD:_wctype.obj
 0002:00038a10       _iswalnum                  10070a10 f i LIBCMTD:_wctype.obj
 0002:00038a30       __iswprint_l               10070a30 f i LIBCMTD:_wctype.obj
 0002:00038a50       _iswprint                  10070a50 f i LIBCMTD:_wctype.obj
 0002:00038a70       __iswgraph_l               10070a70 f i LIBCMTD:_wctype.obj
 0002:00038a90       _iswgraph                  10070a90 f i LIBCMTD:_wctype.obj
 0002:00038ab0       __iswcntrl_l               10070ab0 f i LIBCMTD:_wctype.obj
 0002:00038ad0       _iswcntrl                  10070ad0 f i LIBCMTD:_wctype.obj
 0002:00038af0       _iswascii                  10070af0 f i LIBCMTD:_wctype.obj
 0002:00038b10       __iswcsym_l                10070b10 f i LIBCMTD:_wctype.obj
 0002:00038b60       ___iswcsym                 10070b60 f i LIBCMTD:_wctype.obj
 0002:00038bb0       __iswcsymf_l               10070bb0 f i LIBCMTD:_wctype.obj
 0002:00038c00       ___iswcsymf                10070c00 f i LIBCMTD:_wctype.obj
 0002:00038c50       __aullrem                  10070c50 f   LIBCMTD:ullrem.obj
 0002:00038cf0       __CrtDbgBreak              10070cf0 f   LIBCMTD:dbgrptt.obj
 0002:00038d00       __CrtSetReportMode         10070d00 f   LIBCMTD:dbgrptt.obj
 0002:00038e90       __CrtSetReportFile         10070e90 f   LIBCMTD:dbgrptt.obj
 0002:00038fc0       __CrtSetReportHook         10070fc0 f   LIBCMTD:dbgrptt.obj
 0002:00038ff0       __CrtGetReportHook         10070ff0 f   LIBCMTD:dbgrptt.obj
 0002:00039000       __VCrtDbgReportA           10071000 f   LIBCMTD:dbgrptt.obj
 0002:00039a30       __VCrtDbgReportW           10071a30 f   LIBCMTD:dbgrptt.obj
 0002:0003a5b0       __initp_misc_winsig        100725b0 f   LIBCMTD:winsig.obj
 0002:0003a5f0       _signal                    100725f0 f   LIBCMTD:winsig.obj
 0002:0003aba0       _raise                     10072ba0 f   LIBCMTD:winsig.obj
 0002:0003aff0       ___get_sigabrt             10072ff0 f   LIBCMTD:winsig.obj
 0002:0003b010       ___fpecode                 10073010 f   LIBCMTD:winsig.obj
 0002:0003b030       ___pxcptinfoptrs           10073030 f   LIBCMTD:winsig.obj
 0002:0003b050       ___crtMessageBoxW          10073050 f   LIBCMTD:crtmboxw.obj
 0002:0003b300       __swprintf                 10073300 f   LIBCMTD:swprintf.obj
 0002:0003b580       ___swprintf_l              10073580 f   LIBCMTD:swprintf.obj
 0002:0003b5c0       _swprintf_s                100735c0 f   LIBCMTD:swprintf.obj
 0002:0003b600       __snwprintf_s              10073600 f   LIBCMTD:swprintf.obj
 0002:0003b640       __swprintf_p               10073640 f   LIBCMTD:swprintf.obj
 0002:0003b680       __swprintf_s_l             10073680 f   LIBCMTD:swprintf.obj
 0002:0003b6c0       __snwprintf_s_l            100736c0 f   LIBCMTD:swprintf.obj
 0002:0003b700       __swprintf_p_l             10073700 f   LIBCMTD:swprintf.obj
 0002:0003b740       __scwprintf                10073740 f   LIBCMTD:swprintf.obj
 0002:0003b770       __scwprintf_p              10073770 f   LIBCMTD:swprintf.obj
 0002:0003b7a0       __scwprintf_l              100737a0 f   LIBCMTD:swprintf.obj
 0002:0003b7d0       __scwprintf_p_l            100737d0 f   LIBCMTD:swprintf.obj
 0002:0003b800       _wcslen                    10073800 f   LIBCMTD:wcslen.obj
 0002:0003b840       _wcscpy_s                  10073840 f   LIBCMTD:wcscpy_s.obj
 0002:0003bbe0       __validate_param_reuseA    10073be0 f   LIBCMTD:outputp.obj
 0002:0003bef0       __output_p_l               10073ef0 f   LIBCMTD:outputp.obj
 0002:000409e0       _get_crtdouble_arg         100789e0 f i LIBCMTD:outputp.obj
 0002:00040a10       __output_s_l               10078a10 f   LIBCMTD:outputs.obj
 0002:00042540       __fcloseall                1007a540 f   LIBCMTD:closeall.obj
 0002:000426c0       __open                     1007a6c0 f   LIBCMTD:open.obj
 0002:000426c0       _open                      1007a6c0 f   LIBCMTD:open.obj
 0002:000428a0       __sopen_helper             1007a8a0 f   LIBCMTD:open.obj
 0002:00043f90       __sopen                    1007bf90 f   LIBCMTD:open.obj
 0002:00044020       __sopen_s                  1007c020 f   LIBCMTD:open.obj
 0002:00044050       __mbsnbicmp_l              1007c050 f   LIBCMTD:mbsnbicm.obj
 0002:00044620       __mbsnbicmp                1007c620 f   LIBCMTD:mbsnbicm.obj
 0002:00044650       __mbsnbcmp_l               1007c650 f   LIBCMTD:mbsnbcmp.obj
 0002:000449f0       __mbsnbcmp                 1007c9f0 f   LIBCMTD:mbsnbcmp.obj
 0002:00044a20       __ValidateImageBase        1007ca20 f   LIBCMTD:pesect.obj
 0002:00044aa0       __FindPESection            1007caa0 f   LIBCMTD:pesect.obj
 0002:00044b40       __IsNonwritableInCurrentImage 1007cb40 f   LIBCMTD:pesect.obj
 0002:00044ca0       __global_unwind2           1007cca0 f   LIBCMTD:exsup.obj
 0002:00044d05       __local_unwind2            1007cd05 f   LIBCMTD:exsup.obj
 0002:00044d89       __abnormal_termination     1007cd89 f   LIBCMTD:exsup.obj
 0002:00044dac       __NLG_Notify1              1007cdac f   LIBCMTD:exsup.obj
 0002:00044db5       __NLG_Notify               1007cdb5 f   LIBCMTD:exsup.obj
 0002:00044dcc       __NLG_Dispatch2            1007cdcc     LIBCMTD:exsup.obj
 0002:00044dcc       __NLG_Dispatch             1007cdcc     LIBCMTD:exsup.obj
 0002:00044dd4       __NLG_Call                 1007cdd4 f   LIBCMTD:exsup.obj
 0002:00044dd6       __NLG_Return2              1007cdd6     LIBCMTD:exsup.obj
 0002:00044e30       __alloc_osfhnd             1007ce30 f   LIBCMTD:osfinfo.obj
 0002:00045190       __set_osfhnd               1007d190 f   LIBCMTD:osfinfo.obj
 0002:00045290       __free_osfhnd              1007d290 f   LIBCMTD:osfinfo.obj
 0002:000453b0       __get_osfhandle            1007d3b0 f   LIBCMTD:osfinfo.obj
 0002:00045570       __open_osfhandle           1007d570 f   LIBCMTD:osfinfo.obj
 0002:00045830       ___lock_fhandle            1007d830 f   LIBCMTD:osfinfo.obj
 0002:00045970       __unlock_fhandle           1007d970 f   LIBCMTD:osfinfo.obj
 0002:000459b0       __putwch                   1007d9b0 f   LIBCMTD:putwch.obj
 0002:00045a60       __putwch_nolock            1007da60 f   LIBCMTD:putwch.obj
 0002:00045ad0       __mbtowc_l                 1007dad0 f   LIBCMTD:mbtowc.obj
 0002:00045d70       _mbtowc                    1007dd70 f   LIBCMTD:mbtowc.obj
 0002:00045da0       __commit                   1007dda0 f   LIBCMTD:commit.obj
 0002:00046040       ___report_gsfailure        1007e040 f   LIBCMTD:gs_report.obj
 0002:000461a0       __onexit                   1007e1a0 f   LIBCMTD:onexit.obj
 0002:000463e0       _atexit                    1007e3e0 f   LIBCMTD:onexit.obj
 0002:00046410       ___onexitinit              1007e410 f   LIBCMTD:onexit.obj
 0002:00046480       __FF_MSGBANNER             1007e480 f   LIBCMTD:crt0msg.obj
 0002:000464e0       __GET_RTERRMSG             1007e4e0 f   LIBCMTD:crt0msg.obj
 0002:00046540       __NMSG_WRITE               1007e540 f   LIBCMTD:crt0msg.obj
 0002:00046940       __initp_eh_hooks           1007e940 f   LIBCMTD:hooks.obj
 0002:00046960       ?terminate@@YAXXZ          1007e960 f   LIBCMTD:hooks.obj
 0002:00046a00       ?unexpected@@YAXXZ         1007ea00 f   LIBCMTD:hooks.obj
 0002:00046a30       ?_inconsistency@@YAXXZ     1007ea30 f   LIBCMTD:hooks.obj
 0002:00046ae0       __initp_misc_rand_s        1007eae0 f   LIBCMTD:rand_s.obj
 0002:00046b00       _rand_s                    1007eb00 f   LIBCMTD:rand_s.obj
 0002:00046da0       ___getlocaleinfo           1007eda0 f   LIBCMTD:inithelp.obj
 0002:00047130       __initp_misc_purevirt      1007f130 f   LIBCMTD:inithelp.obj
 0002:00047150       __ismbbkalnum_l            1007f150 f   LIBCMTD:ismbbyte.obj
 0002:00047180       __ismbbkalnum              1007f180 f   LIBCMTD:ismbbyte.obj
 0002:000471a0       __ismbbkprint_l            1007f1a0 f   LIBCMTD:ismbbyte.obj
 0002:000471d0       __ismbbkprint              1007f1d0 f   LIBCMTD:ismbbyte.obj
 0002:000471f0       __ismbbkpunct_l            1007f1f0 f   LIBCMTD:ismbbyte.obj
 0002:00047220       __ismbbkpunct              1007f220 f   LIBCMTD:ismbbyte.obj
 0002:00047240       __ismbbalnum_l             1007f240 f   LIBCMTD:ismbbyte.obj
 0002:00047270       __ismbbalnum               1007f270 f   LIBCMTD:ismbbyte.obj
 0002:000472a0       __ismbbalpha_l             1007f2a0 f   LIBCMTD:ismbbyte.obj
 0002:000472d0       __ismbbalpha               1007f2d0 f   LIBCMTD:ismbbyte.obj
 0002:00047300       __ismbbgraph_l             1007f300 f   LIBCMTD:ismbbyte.obj
 0002:00047330       __ismbbgraph               1007f330 f   LIBCMTD:ismbbyte.obj
 0002:00047360       __ismbbprint_l             1007f360 f   LIBCMTD:ismbbyte.obj
 0002:00047390       __ismbbprint               1007f390 f   LIBCMTD:ismbbyte.obj
 0002:000473c0       __ismbbpunct_l             1007f3c0 f   LIBCMTD:ismbbyte.obj
 0002:000473f0       __ismbbpunct               1007f3f0 f   LIBCMTD:ismbbyte.obj
 0002:00047410       __ismbblead_l              1007f410 f   LIBCMTD:ismbbyte.obj
 0002:00047440       __ismbblead                1007f440 f   LIBCMTD:ismbbyte.obj
 0002:00047460       __ismbbtrail_l             1007f460 f   LIBCMTD:ismbbyte.obj
 0002:00047490       __ismbbtrail               1007f490 f   LIBCMTD:ismbbyte.obj
 0002:000474b0       __ismbbkana_l              1007f4b0 f   LIBCMTD:ismbbyte.obj
 0002:00047540       __ismbbkana                1007f540 f   LIBCMTD:ismbbyte.obj
 0002:00047660       ___crtMessageBoxA          1007f660 f   LIBCMTD:crtmbox.obj
 0002:00047910       ?_JumpToContinuation@@YGXPAXPAUEHRegistrationNode@@@Z 1007f910 f   LIBCMTD:_trnsctrl_.obj
 0002:00047960       ?_CallMemberFunction0@@YGXPAX0@Z 1007f960 f   LIBCMTD:_trnsctrl_.obj
 0002:00047970       ?_CallMemberFunction1@@YGXPAX00@Z 1007f970 f   LIBCMTD:_trnsctrl_.obj
 0002:00047980       ?_CallMemberFunction2@@YGXPAX00H@Z 1007f980 f   LIBCMTD:_trnsctrl_.obj
 0002:00047990       ?_UnwindNestedFrames@@YGXPAUEHRegistrationNode@@PAUEHExceptionRecord@@@Z 1007f990 f   LIBCMTD:_trnsctrl_.obj
 0002:00047a00       ___CxxFrameHandler         1007fa00 f   LIBCMTD:_trnsctrl_.obj
 0002:00047a50       ___CxxFrameHandler3        1007fa50 f   LIBCMTD:_trnsctrl_.obj
 0002:00047aa0       ___CxxFrameHandler2        1007faa0 f   LIBCMTD:_trnsctrl_.obj
 0002:00047af0       ___CxxLongjmpUnwind@4      1007faf0 f   LIBCMTD:_trnsctrl_.obj
 0002:00047b30       ?_CallCatchBlock2@@YAPAXPAUEHRegistrationNode@@PBU_s_FuncInfo@@PAXHK@Z 1007fb30 f   LIBCMTD:_trnsctrl_.obj
 0002:00047c20       ?_CallSETranslator@@YAHPAUEHExceptionRecord@@PAUEHRegistrationNode@@PAX2PBU_s_FuncInfo@@H1@Z 1007fc20 f   LIBCMTD:_trnsctrl_.obj
 0002:00047e30       ?_GetRangeOfTrysToCheck@@YAPBU_s_TryBlockMapEntry@@PBU_s_FuncInfo@@HHPAI1@Z 1007fe30 f   LIBCMTD:_trnsctrl_.obj
 0002:00047ed0       __CreateFrameInfo          1007fed0 f   LIBCMTD:_trnsctrl_.obj
 0002:00047f10       __IsExceptionObjectToBeDestroyed 1007ff10 f   LIBCMTD:_trnsctrl_.obj
 0002:00047f50       __FindAndUnlinkFrame       1007ff50 f   LIBCMTD:_trnsctrl_.obj
 0002:00047fc0       ___crtLCMapStringA         1007ffc0 f   LIBCMTD:a_map.obj
 0002:00048370       __MarkAllocaS              10080370 f i LIBCMTD:a_map.obj
 0002:000483a0       __freea                    100803a0 f i LIBCMTD:a_map.obj
 0002:00048480       ___crtGetStringTypeA       10080480 f   LIBCMTD:a_str.obj
 0002:00048640       ___init_time               10080640 f   LIBCMTD:inittime.obj
 0002:000496b0       ___free_lc_time            100816b0 f   LIBCMTD:inittime.obj
 0002:00049ec0       ___init_numeric            10081ec0 f   LIBCMTD:initnum.obj
 0002:0004a360       ___free_lconv_num          10082360 f   LIBCMTD:initnum.obj
 0002:0004a440       ___init_monetary           10082440 f   LIBCMTD:initmon.obj
 0002:0004aba0       ___free_lconv_mon          10082ba0 f   LIBCMTD:initmon.obj
 0002:0004adb0       _localeconv                10082db0 f   LIBCMTD:lconv.obj
 0002:0004ae10       ___pwctype_func            10082e10 f   LIBCMTD:ctype.obj
 0002:0004ae20       ___pctype_func             10082e20 f   LIBCMTD:ctype.obj
 0002:0004ae80       ____setlc_active_func      10082e80 f   LIBCMTD:setlocal.obj
 0002:0004ae90       ____unguarded_readlc_active_add_func 10082e90 f   LIBCMTD:setlocal.obj
 0002:0004aea0       __configthreadlocale       10082ea0 f   LIBCMTD:setlocal.obj
 0002:0004aff0       __locterm                  10082ff0 f   LIBCMTD:setlocal.obj
 0002:0004b0b0       __free_locale              100830b0 f   LIBCMTD:setlocal.obj
 0002:0004b240       ___free_locale             10083240 f   LIBCMTD:setlocal.obj
 0002:0004b260       __create_locale            10083260 f   LIBCMTD:setlocal.obj
 0002:0004b520       ___create_locale           10083520 f   LIBCMTD:setlocal.obj
 0002:0004b540       __get_current_locale       10083540 f   LIBCMTD:setlocal.obj
 0002:0004b6a0       ___get_current_locale      100836a0 f   LIBCMTD:setlocal.obj
 0002:0004b6b0       _setlocale                 100836b0 f   LIBCMTD:setlocal.obj
 0002:0004c910       __expandlocale             10084910 f   LIBCMTD:setlocal.obj
 0002:0004cc60       ___init_dummy              10084c60 f   LIBCMTD:setlocal.obj
 0002:0004cc70       __strcats                  10084c70 f   LIBCMTD:setlocal.obj
 0002:0004cd10       ___lc_strtolc              10084d10 f   LIBCMTD:setlocal.obj
 0002:0004cf90       ___lc_lctostr              10084f90 f   LIBCMTD:setlocal.obj
 0002:0004d050       __fptrap                   10085050 f   LIBCMTD:crt0fp.obj
 0002:0004d070       __stbuf                    10085070 f   LIBCMTD:_sftbuf.obj
 0002:0004d220       __ftbuf                    10085220 f   LIBCMTD:_sftbuf.obj
 0002:0004d2d0       _vprintf_helper            100852d0 f   LIBCMTD:vprintf.obj
 0002:0004d430       __vprintf_l                10085430 f   LIBCMTD:vprintf.obj
 0002:0004d460       __vprintf_s_l              10085460 f   LIBCMTD:vprintf.obj
 0002:0004d490       __vprintf_p_l              10085490 f   LIBCMTD:vprintf.obj
 0002:0004d4c0       _vprintf                   100854c0 f   LIBCMTD:vprintf.obj
 0002:0004d4f0       _vprintf_s                 100854f0 f   LIBCMTD:vprintf.obj
 0002:0004d520       __vprintf_p                10085520 f   LIBCMTD:vprintf.obj
 0002:0004d550       ___init_ctype              10085550 f   LIBCMTD:initctyp.obj
 0002:0004dc70       ____mb_cur_max_func        10085c70 f   LIBCMTD:initctyp.obj
 0002:0004dcd0       ____mb_cur_max_l_func      10085cd0 f   LIBCMTD:initctyp.obj
 0002:0004dd10       ____lc_codepage_func       10085d10 f   LIBCMTD:initctyp.obj
 0002:0004dd70       ____lc_collate_cp_func     10085d70 f   LIBCMTD:initctyp.obj
 0002:0004ddd0       ____lc_handle_func         10085dd0 f   LIBCMTD:initctyp.obj
 0002:0004de30       __iswctype_l               10085e30 f   LIBCMTD:iswctype.obj
 0002:0004de50       _iswctype                  10085e50 f   LIBCMTD:iswctype.obj
 0002:0004ded0       _is_wctype                 10085ed0 f   LIBCMTD:iswctype.obj
 0002:0004def0       __mbstowcs_l_helper        10085ef0 f   LIBCMTD:mbstowcs.obj
 0002:0004e320       __mbstowcs_l               10086320 f   LIBCMTD:mbstowcs.obj
 0002:0004e350       _mbstowcs                  10086350 f   LIBCMTD:mbstowcs.obj
 0002:0004e3b0       __mbstowcs_s_l             100863b0 f   LIBCMTD:mbstowcs.obj
 0002:0004e810       _mbstowcs_s                10086810 f   LIBCMTD:mbstowcs.obj
 0002:0004e840       _strcat_s                  10086840 f   LIBCMTD:strcat_s.obj
 0002:0004ed10       __itoa_s                   10086d10 f   LIBCMTD:xtoas.obj
 0002:0004f1c0       __ltoa_s                   100871c0 f   LIBCMTD:xtoas.obj
 0002:0004f210       __ultoa_s                  10087210 f   LIBCMTD:xtoas.obj
 0002:0004f240       __i64toa_s                 10087240 f   LIBCMTD:xtoas.obj
 0002:0004f740       __ui64toa_s                10087740 f   LIBCMTD:xtoas.obj
 0002:0004f770       __wcstombs_l_helper        10087770 f   LIBCMTD:wcstombs.obj
 0002:0004fe10       __wcstombs_l               10087e10 f   LIBCMTD:wcstombs.obj
 0002:0004fe40       _wcstombs                  10087e40 f   LIBCMTD:wcstombs.obj
 0002:0004fe70       __wcstombs_s_l             10087e70 f   LIBCMTD:wcstombs.obj
 0002:00050260       _wcstombs_s                10088260 f   LIBCMTD:wcstombs.obj
 0002:00050290       _wcscat_s                  10088290 f   LIBCMTD:wcscat_s.obj
 0002:00050770       __vswprintf_helper         10088770 f   LIBCMTD:vswprnc.obj
 0002:00050a60       __vswprintf_c              10088a60 f   LIBCMTD:vswprnc.obj
 0002:00050ac0       __vswprintf_c_l            10088ac0 f   LIBCMTD:vswprnc.obj
 0002:00050b20       __vswprintf_s_l            10088b20 f   LIBCMTD:vswprnc.obj
 0002:00050e20       _vswprintf_s               10088e20 f   LIBCMTD:vswprnc.obj
 0002:00050e50       __vsnwprintf_s_l           10088e50 f   LIBCMTD:vswprnc.obj
 0002:000512f0       __vsnwprintf_s             100892f0 f   LIBCMTD:vswprnc.obj
 0002:00051320       __vswprintf_p              10089320 f   LIBCMTD:vswprnc.obj
 0002:00051380       __vswprintf_p_l            10089380 f   LIBCMTD:vswprnc.obj
 0002:000513e0       __itow_s                   100893e0 f   LIBCMTD:xtows.obj
 0002:000518b0       __ltow_s                   100898b0 f   LIBCMTD:xtows.obj
 0002:00051900       __ultow_s                  10089900 f   LIBCMTD:xtows.obj
 0002:00051930       __i64tow_s                 10089930 f   LIBCMTD:xtows.obj
 0002:00051e50       __ui64tow_s                10089e50 f   LIBCMTD:xtows.obj
 0002:00051e80       __woutput_l                10089e80 f   LIBCMTD:woutput.obj
 0002:00053500       __vswprintf_l              1008b500 f   LIBCMTD:vswprint.obj
 0002:00053770       __vswprintf                1008b770 f   LIBCMTD:vswprint.obj
 0002:000537a0       ___vswprintf_l             1008b7a0 f   LIBCMTD:vswprint.obj
 0002:000537d0       __vscwprintf_helper        1008b7d0 f   LIBCMTD:vswprint.obj
 0002:000538e0       __vscwprintf               1008b8e0 f   LIBCMTD:vswprint.obj
 0002:00053910       __vscwprintf_l             1008b910 f   LIBCMTD:vswprint.obj
 0002:00053940       __vscwprintf_p             1008b940 f   LIBCMTD:vswprint.obj
 0002:00053970       __vscwprintf_p_l           1008b970 f   LIBCMTD:vswprint.obj
 0002:000539a0       _strtol                    1008b9a0 f   LIBCMTD:strtol.obj
 0002:00054020       __strtol_l                 1008c020 f   LIBCMTD:strtol.obj
 0002:00054050       _strtoul                   1008c050 f   LIBCMTD:strtol.obj
 0002:000540b0       __strtoul_l                1008c0b0 f   LIBCMTD:strtol.obj
 0002:000540e0       __chsize_s                 1008c0e0 f   LIBCMTD:chsize.obj
 0002:00054420       __chsize_nolock            1008c420 f   LIBCMTD:chsize.obj
 0002:00054760       __chsize                   1008c760 f   LIBCMTD:chsize.obj
 0002:00054790       __setmode                  1008c790 f   LIBCMTD:setmode.obj
 0002:00054ac0       __setmode_nolock           1008cac0 f   LIBCMTD:setmode.obj
 0002:00054dc0       __set_fmode                1008cdc0 f   LIBCMTD:setmode.obj
 0002:00054ea0       __get_fmode                1008cea0 f   LIBCMTD:setmode.obj
 0002:00054f40       __strnicmp_l               1008cf40 f   LIBCMTD:strnicmp.obj
 0002:00055210       __strnicmp                 1008d210 f   LIBCMTD:strnicmp.obj
 0002:00055400       _strncmp                   1008d400 f   LIBCMTD:strncmp.obj
 0002:000555d0       ___initconout              1008d5d0 f   LIBCMTD:initcon.obj
 0002:00055600       ___termconout              1008d600 f   LIBCMTD:initcon.obj
 0002:00055630       __set_error_mode           1008d630 f   LIBCMTD:errmode.obj
 0002:00055720       ___set_app_type            1008d720 f   LIBCMTD:errmode.obj
 0002:00055740       _wcsncpy_s                 1008d740 f   LIBCMTD:wcsncpy_s.obj
 0002:00055c50       _abort                     1008dc50 f   LIBCMTD:abort.obj
 0002:00055cd0       __set_abort_behavior       1008dcd0 f   LIBCMTD:abort.obj
 0002:00055d10       ___crtGetLocaleInfoA       1008dd10 f   LIBCMTD:a_loc.obj
 0002:00055ec0       ___InternalCxxFrameHandler 1008dec0 f   LIBCMTD:frame.obj
 0002:00056630       ??0bad_exception@std@@QAE@PBD@Z 1008e630 f i LIBCMTD:frame.obj
 0002:00056660       ??1bad_exception@std@@UAE@XZ 1008e660 f i LIBCMTD:frame.obj
 0002:00056690       ??_Gbad_exception@std@@UAEPAXI@Z 1008e690 f i LIBCMTD:frame.obj
 0002:00056690       ??_Ebad_exception@std@@UAEPAXI@Z 1008e690 f i LIBCMTD:frame.obj
 0002:000566d0       ??0bad_exception@std@@QAE@ABV01@@Z 1008e6d0 f i LIBCMTD:frame.obj
 0002:000568f0       ___TypeMatch               1008e8f0 f   LIBCMTD:frame.obj
 0002:000569d0       ___FrameUnwindFilter       1008e9d0 f   LIBCMTD:frame.obj
 0002:00056a70       ___FrameUnwindToState      1008ea70 f   LIBCMTD:frame.obj
 0002:00057100       ___BuildCatchObjectHelper  1008f100 f   LIBCMTD:frame.obj
 0002:00057410       ___BuildCatchObject        1008f410 f   LIBCMTD:frame.obj
 0002:00057560       ___DestructExceptionObject 1008f560 f   LIBCMTD:frame.obj
 0002:00057640       ___AdjustPointer           1008f640 f   LIBCMTD:frame.obj
 0002:000576a0       ?__uncaught_exception@@YA_NXZ 1008f6a0 f   LIBCMTD:frame.obj
 0002:000576c0       ___CxxExceptionFilter      1008f6c0 f   LIBCMTD:frame.obj
 0002:00057930       ___CxxRegisterExceptionObject 1008f930 f   LIBCMTD:frame.obj
 0002:00057ab0       ___CxxDetectRethrow        1008fab0 f   LIBCMTD:frame.obj
 0002:00057b60       ___CxxUnregisterExceptionObject 1008fb60 f   LIBCMTD:frame.obj
 0002:00057d40       ___CxxQueryExceptionSize   1008fd40 f   LIBCMTD:frame.obj
 0002:00057d50       ___CxxCallUnwindDtor       1008fd50 f   LIBCMTD:frame.obj
 0002:00057df0       ___CxxCallUnwindDelDtor    1008fdf0 f   LIBCMTD:frame.obj
 0002:00057e90       ___CxxCallUnwindStdDelDtor 1008fe90 f   LIBCMTD:frame.obj
 0002:00057f30       ___CxxCallUnwindVecDtor    1008ff30 f   LIBCMTD:frame.obj
 0002:00058200       ?_is_exception_typeof@@YAHABVtype_info@@PAU_EXCEPTION_POINTERS@@@Z 10090200 f   LIBCMTD:frame.obj
 0002:00058310       __CallSettingFrame@12      10090310 f   LIBCMTD:lowhelpr.obj
 0002:00058337       __NLG_Return               10090337     LIBCMTD:lowhelpr.obj
 0002:00058370       ___init_collate            10090370 f   LIBCMTD:initcoll.obj
 0002:00058380       _strcspn                   10090380 f   LIBCMTD:strcspn.obj
 0002:000583e0       _strpbrk                   100903e0 f   LIBCMTD:strpbrk.obj
 0002:00058430       _memcmp                    10090430 f   LIBCMTD:memcmp.obj
 0002:00059150       ___get_qualified_locale    10091150 f   LIBCMTD:getqloc.obj
 0002:0005a320       __woutput_s_l              10092320 f   LIBCMTD:woutputs.obj
 0002:0005bb50       __validate_param_reuseW    10093b50 f   LIBCMTD:woutputp.obj
 0002:0005be60       __woutput_p_l              10093e60 f   LIBCMTD:woutputp.obj
 0002:000603d0       _fputwc                    100983d0 f   LIBCMTD:fputwc.obj
 0002:00060510       __fputwc_nolock            10098510 f   LIBCMTD:fputwc.obj
 0002:000608c0       _putwc                     100988c0 f   LIBCMTD:fputwc.obj
 0002:000608e0       __tolower                  100988e0 f   LIBCMTD:tolower.obj
 0002:000608f0       __tolower_l                100988f0 f   LIBCMTD:tolower.obj
 0002:00060b40       _tolower                   10098b40 f   LIBCMTD:tolower.obj
 0002:00060ba0       ___ascii_strnicmp          10098ba0 f   LIBCMTD:_strnicm.obj
 0002:00060c20       ?_ValidateRead@@YAHPBXI@Z  10098c20 f   LIBCMTD:validate.obj
 0002:00060c50       ?_ValidateWrite@@YAHPAXI@Z 10098c50 f   LIBCMTD:validate.obj
 0002:00060c80       ?_ValidateExecute@@YAHP6GHXZ@Z 10098c80 f   LIBCMTD:validate.obj
 0002:00060cb0       __CxxThrowException@8      10098cb0 f   LIBCMTD:throw.obj
 0002:00060d20       ?name@type_info@@QBEPBDPAU__type_info_node@@@Z 10098d20 f   LIBCMTD:typinfo.obj
 0002:00060d50       ??1type_info@@UAE@XZ       10098d50 f   LIBCMTD:typinfo.obj
 0002:00060d80       ??_Gtype_info@@UAEPAXI@Z   10098d80 f i LIBCMTD:typinfo.obj
 0002:00060d80       ??_Etype_info@@UAEPAXI@Z   10098d80 f i LIBCMTD:typinfo.obj
 0002:00060dc0       ?_name_internal_method@type_info@@QBEPBDPAU__type_info_node@@@Z 10098dc0 f   LIBCMTD:typinfo.obj
 0002:00060df0       ?_type_info_dtor_internal_method@type_info@@QAEXXZ 10098df0 f   LIBCMTD:typinfo.obj
 0002:00060e10       ??8type_info@@QBE_NABV0@@Z 10098e10 f   LIBCMTD:typinfo.obj
 0002:00060e50       ??9type_info@@QBE_NABV0@@Z 10098e50 f   LIBCMTD:typinfo.obj
 0002:00060e90       ?before@type_info@@QBEHABV1@@Z 10098e90 f   LIBCMTD:typinfo.obj
 0002:00060ed0       ?raw_name@type_info@@QBEPBDXZ 10098ed0 f   LIBCMTD:typinfo.obj
 0002:00060ef0       ??0type_info@@AAE@ABV0@@Z  10098ef0 f   LIBCMTD:typinfo.obj
 0002:00060f20       ??4type_info@@AAEAAV0@ABV0@@Z 10098f20 f   LIBCMTD:typinfo.obj
 0002:00060f40       ??0exception@std@@QAE@XZ   10098f40 f   LIBCMTD:stdexcpt.obj
 0002:00060f80       ??_Gexception@std@@UAEPAXI@Z 10098f80 f i LIBCMTD:stdexcpt.obj
 0002:00060f80       ??_Eexception@std@@UAEPAXI@Z 10098f80 f i LIBCMTD:stdexcpt.obj
 0002:00060fc0       ??0exception@std@@QAE@ABQBD@Z 10098fc0 f   LIBCMTD:stdexcpt.obj
 0002:00061010       ??0exception@std@@QAE@ABQBDH@Z 10099010 f   LIBCMTD:stdexcpt.obj
 0002:00061050       ??0exception@std@@QAE@ABV01@@Z 10099050 f   LIBCMTD:stdexcpt.obj
 0002:000610a0       ??4exception@std@@QAEAAV01@ABV01@@Z 100990a0 f   LIBCMTD:stdexcpt.obj
 0002:00061100       ??1exception@std@@UAE@XZ   10099100 f   LIBCMTD:stdexcpt.obj
 0002:00061130       ?what@exception@std@@UBEPBDXZ 10099130 f   LIBCMTD:stdexcpt.obj
 0002:00061170       ?_Copy_str@exception@std@@AAEXPBD@Z 10099170 f   LIBCMTD:stdexcpt.obj
 0002:000611f0       ?_Tidy@exception@std@@AAEXXZ 100991f0 f   LIBCMTD:stdexcpt.obj
 0002:00061240       ??0bad_cast@std@@QAE@PBD@Z 10099240 f   LIBCMTD:stdexcpt.obj
 0002:00061270       ??_Ebad_cast@std@@UAEPAXI@Z 10099270 f i LIBCMTD:stdexcpt.obj
 0002:00061270       ??_Gbad_cast@std@@UAEPAXI@Z 10099270 f i LIBCMTD:stdexcpt.obj
 0002:000612b0       ??0bad_cast@std@@QAE@ABV01@@Z 100992b0 f   LIBCMTD:stdexcpt.obj
 0002:000612e0       ??1bad_cast@std@@UAE@XZ    100992e0 f   LIBCMTD:stdexcpt.obj
 0002:00061310       ??0bad_typeid@std@@QAE@PBD@Z 10099310 f   LIBCMTD:stdexcpt.obj
 0002:00061340       ??_Gbad_typeid@std@@UAEPAXI@Z 10099340 f i LIBCMTD:stdexcpt.obj
 0002:00061340       ??_Ebad_typeid@std@@UAEPAXI@Z 10099340 f i LIBCMTD:stdexcpt.obj
 0002:00061380       ??0bad_typeid@std@@QAE@ABV01@@Z 10099380 f   LIBCMTD:stdexcpt.obj
 0002:000613b0       ??1bad_typeid@std@@UAE@XZ  100993b0 f   LIBCMTD:stdexcpt.obj
 0002:000613e0       ??0__non_rtti_object@std@@QAE@PBD@Z 100993e0 f   LIBCMTD:stdexcpt.obj
 0002:00061410       ??_E__non_rtti_object@std@@UAEPAXI@Z 10099410 f i LIBCMTD:stdexcpt.obj
 0002:00061410       ??_G__non_rtti_object@std@@UAEPAXI@Z 10099410 f i LIBCMTD:stdexcpt.obj
 0002:00061450       ??0__non_rtti_object@std@@QAE@ABV01@@Z 10099450 f   LIBCMTD:stdexcpt.obj
 0002:00061480       ??1__non_rtti_object@std@@UAE@XZ 10099480 f   LIBCMTD:stdexcpt.obj
 0002:000614b0       ??3@YAXPAX@Z               100994b0 f   LIBCMTD:dbgdel.obj
 0002:000615d0       _memmove                   100995d0 f   LIBCMTD:memmove.obj
 0002:00061a10       __stricmp_l                10099a10 f   LIBCMTD:stricmp.obj
 0002:00061c20       ___ascii_stricmp           10099c20 f   LIBCMTD:stricmp.obj
 0002:00061cb0       __stricmp                  10099cb0 f   LIBCMTD:stricmp.obj
 0002:00061e00       _atol                      10099e00 f   LIBCMTD:atox.obj
 0002:00061e20       __atol_l                   10099e20 f   LIBCMTD:atox.obj
 0002:00061e50       _atoi                      10099e50 f   LIBCMTD:atox.obj
 0002:00061e70       __atoi_l                   10099e70 f   LIBCMTD:atox.obj
 0002:00061e90       __atoi64                   10099e90 f   LIBCMTD:atox.obj
 0002:00061eb0       __atoi64_l                 10099eb0 f   LIBCMTD:atox.obj
 0002:00061ee0       _wcstol                    10099ee0 f   LIBCMTD:wcstol.obj
 0002:000623a0       __wcstol_l                 1009a3a0 f   LIBCMTD:wcstol.obj
 0002:000623d0       _wcstoul                   1009a3d0 f   LIBCMTD:wcstol.obj
 0002:00062400       __wcstoul_l                1009a400 f   LIBCMTD:wcstol.obj
 0002:00062430       __flswbuf                  1009a430 f   LIBCMTD:_flswbuf.obj
 0002:000627c0       ?_Type_info_dtor@type_info@@CAXPAV1@@Z 1009a7c0 f   LIBCMTD:typname.obj
 0002:00062910       ?_Name_base@type_info@@CAPBDPBV1@PAU__type_info_node@@@Z 1009a910 f   LIBCMTD:typname.obj
 0002:00062b20       ?_Type_info_dtor_internal@type_info@@CAXPAV1@@Z 1009ab20 f   LIBCMTD:typname.obj
 0002:00062c70       ___unDNameHelper           1009ac70 f   LIBCMTD:typname.obj
 0002:00062cc0       ?_Name_base_internal@type_info@@CAPBDPBV1@PAU__type_info_node@@@Z 1009acc0 f   LIBCMTD:typname.obj
 0002:00062ef0       ___clean_type_info_names_internal 1009aef0 f   LIBCMTD:typname.obj
 0002:00062fd0       __strtoi64                 1009afd0 f   LIBCMTD:strtoq.obj
 0002:000636a0       __strtoi64_l               1009b6a0 f   LIBCMTD:strtoq.obj
 0002:000636d0       __strtoui64                1009b6d0 f   LIBCMTD:strtoq.obj
 0002:00063730       __strtoui64_l              1009b730 f   LIBCMTD:strtoq.obj
 0002:00063760       __wchartodigit             1009b760 f   LIBCMTD:wchtodig.obj
 0002:00063b50       ___unDName                 1009bb50 f   LIBCMTD:undname.obj
 0002:00063c60       ?Constructor@_HeapManager@@QAEXP6APAXI@ZP6AXPAX@Z@Z 1009bc60 f i LIBCMTD:undname.obj
 0002:00063cb0       ?Destructor@_HeapManager@@QAEXXZ 1009bcb0 f i LIBCMTD:undname.obj
 0002:00063d10       ___unDNameEx               1009bd10 f   LIBCMTD:undname.obj
 0002:00063e20       ??0UnDecorator@@QAE@PADPBDHP6APADJ@ZK@Z 1009be20 f i LIBCMTD:undname.obj
 0002:00063ee0       ??BUnDecorator@@QAEPADXZ   1009bee0 f i LIBCMTD:undname.obj
 0002:000641a0       ?dbGetString@DName@@QBEPADXZ 1009c1a0 f   LIBCMTD:undname.obj
 0002:000641d0       ?getDecoratedName@UnDecorator@@CA?AVDName@@XZ 1009c1d0 f   LIBCMTD:undname.obj
 0002:000645b0       ?getSymbolName@UnDecorator@@CA?AVDName@@XZ 1009c5b0 f i LIBCMTD:undname.obj
 0002:00064640       ?getZName@UnDecorator@@CA?AVDName@@_N0@Z 1009c640 f   LIBCMTD:undname.obj
 0002:00064990       ?getOperatorName@UnDecorator@@CA?AVDName@@_NPA_N@Z 1009c990 f i LIBCMTD:undname.obj
 0002:00065550       ?getStringEncoding@UnDecorator@@CA?AVDName@@PADH@Z 1009d550 f   LIBCMTD:undname.obj
 0002:00065690       ?getScope@UnDecorator@@CA?AVDName@@XZ 1009d690 f   LIBCMTD:undname.obj
 0002:00065b60       ?getSignedDimension@UnDecorator@@CA?AVDName@@XZ 1009db60 f   LIBCMTD:undname.obj
 0002:00065c00       ?getDimension@UnDecorator@@CA?AVDName@@_N@Z 1009dc00 f   LIBCMTD:undname.obj
 0002:00065f60       ?getNumberOfDimensions@UnDecorator@@CAHXZ 1009df60 f   LIBCMTD:undname.obj
 0002:000660a0       ?getTemplateName@UnDecorator@@CA?AVDName@@_N@Z 1009e0a0 f   LIBCMTD:undname.obj
 0002:000662d0       ?getTemplateArgumentList@UnDecorator@@CA?AVDName@@XZ 1009e2d0 f   LIBCMTD:undname.obj
 0002:000665f0       ?getTemplateConstant@UnDecorator@@CA?AVDName@@XZ 1009e5f0 f   LIBCMTD:undname.obj
 0002:00066ba0       ?composeDeclaration@UnDecorator@@CA?AVDName@@ABV2@@Z 1009eba0 f i LIBCMTD:undname.obj
 0002:00068710       ?getTypeEncoding@UnDecorator@@CAHXZ 100a0710 f i LIBCMTD:undname.obj
 0002:000693e0       ?getBasedType@UnDecorator@@CA?AVDName@@XZ 100a13e0 f   LIBCMTD:undname.obj
 0002:000694d0       ?getScopedName@UnDecorator@@CA?AVDName@@XZ 100a14d0 f   LIBCMTD:undname.obj
 0002:00069630       ?getCallingConvention@UnDecorator@@CA?AVDName@@XZ 100a1630 f   LIBCMTD:undname.obj
 0002:00069800       ?getReturnType@UnDecorator@@CA?AVDName@@PAV2@@Z 100a1800 f   LIBCMTD:undname.obj
 0002:00069860       ?getDataType@UnDecorator@@CA?AVDName@@PAV2@@Z 100a1860 f   LIBCMTD:undname.obj
 0002:000699c0       ?getPrimaryDataType@UnDecorator@@CA?AVDName@@ABV2@@Z 100a19c0 f   LIBCMTD:undname.obj
 0002:00069e40       ?getArgumentTypes@UnDecorator@@CA?AVDName@@XZ 100a1e40 f   LIBCMTD:undname.obj
 0002:00069ff0       ?getArgumentList@UnDecorator@@CA?AVDName@@XZ 100a1ff0 f   LIBCMTD:undname.obj
 0002:0006a190       ?getThrowTypes@UnDecorator@@CA?AVDName@@XZ 100a2190 f   LIBCMTD:undname.obj
 0002:0006a270       ?getBasicDataType@UnDecorator@@CA?AVDName@@ABV2@@Z 100a2270 f   LIBCMTD:undname.obj
 0002:0006a9a0       ?getECSUDataType@UnDecorator@@CA?AVDName@@XZ 100a29a0 f   LIBCMTD:undname.obj
 0002:0006abf0       ?getECSUName@UnDecorator@@CA?AVDName@@XZ 100a2bf0 f i LIBCMTD:undname.obj
 0002:0006ac10       ?getEnumType@UnDecorator@@CA?AVDName@@XZ 100a2c10 f i LIBCMTD:undname.obj
 0002:0006adb0       ?getFunctionIndirectType@UnDecorator@@CA?AVDName@@ABV2@@Z 100a2db0 f   LIBCMTD:undname.obj
 0002:0006b300       ?getPtrRefType@UnDecorator@@CA?AVDName@@ABV2@0PBD@Z 100a3300 f   LIBCMTD:undname.obj
 0002:0006b4c0       ?getExtendedDataIndirectType@UnDecorator@@CA?AVDName@@AAPBDAA_NH@Z 100a34c0 f   LIBCMTD:undname.obj
 0002:0006b770       ?getDataIndirectType@UnDecorator@@CA?AVDName@@ABV2@PBD0H@Z 100a3770 f   LIBCMTD:undname.obj
 0002:0006c030       ?getPtrRefDataType@UnDecorator@@CA?AVDName@@ABV2@H@Z 100a4030 f i LIBCMTD:undname.obj
 0002:0006c1c0       ?getArrayType@UnDecorator@@CA?AVDName@@ABV2@@Z 100a41c0 f i LIBCMTD:undname.obj
 0002:0006c480       ?getLexicalFrame@UnDecorator@@CA?AVDName@@XZ 100a4480 f i LIBCMTD:undname.obj
 0002:0006c4d0       ?getThisType@UnDecorator@@CA?AVDName@@XZ 100a44d0 f i LIBCMTD:undname.obj
 0002:0006c520       ?getPointerType@UnDecorator@@CA?AVDName@@ABV2@0@Z 100a4520 f i LIBCMTD:undname.obj
 0002:0006c560       ?getPointerTypeArray@UnDecorator@@CA?AVDName@@ABV2@0@Z 100a4560 f i LIBCMTD:undname.obj
 0002:0006c5a0       ?getReferenceType@UnDecorator@@CA?AVDName@@ABV2@0PBD@Z 100a45a0 f i LIBCMTD:undname.obj
 0002:0006c5d0       ?getDisplacement@UnDecorator@@CA?AVDName@@XZ 100a45d0 f i LIBCMTD:undname.obj
 0002:0006c5f0       ?getCallIndex@UnDecorator@@CA?AVDName@@XZ 100a45f0 f i LIBCMTD:undname.obj
 0002:0006c610       ?getGuardNumber@UnDecorator@@CA?AVDName@@XZ 100a4610 f i LIBCMTD:undname.obj
 0002:0006c630       ?getVbTableType@UnDecorator@@CA?AVDName@@ABV2@@Z 100a4630 f i LIBCMTD:undname.obj
 0002:0006c650       ?getVCallThunkType@UnDecorator@@CA?AVDName@@XZ 100a4650 f i LIBCMTD:undname.obj
 0002:0006c6d0       ?getVfTableType@UnDecorator@@CA?AVDName@@ABV2@@Z 100a46d0 f i LIBCMTD:undname.obj
 0002:0006c900       ?getStorageConvention@UnDecorator@@CA?AVDName@@XZ 100a4900 f i LIBCMTD:undname.obj
 0002:0006c920       ?getDataIndirectType@UnDecorator@@CA?AVDName@@XZ 100a4920 f i LIBCMTD:undname.obj
 0002:0006c970       ?getVdispMapType@UnDecorator@@CA?AVDName@@ABV2@@Z 100a4970 f i LIBCMTD:undname.obj
 0002:0006ca00       ?getExternalDataType@UnDecorator@@CA?AVDName@@ABV2@@Z 100a4a00 f i LIBCMTD:undname.obj
 0002:0006cac0       ?doMSKeywords@UnDecorator@@SAHXZ 100a4ac0 f i LIBCMTD:undname.obj
 0002:0006cae0       ?doPtr64@UnDecorator@@SAHXZ 100a4ae0 f i LIBCMTD:undname.obj
 0002:0006cb00       ?doFunctionReturns@UnDecorator@@SAHXZ 100a4b00 f i LIBCMTD:undname.obj
 0002:0006cb20       ?doAllocationModel@UnDecorator@@SAHXZ 100a4b20 f i LIBCMTD:undname.obj
 0002:0006cb40       ?doAllocationLanguage@UnDecorator@@SAHXZ 100a4b40 f i LIBCMTD:undname.obj
 0002:0006cb60       ?doThisTypes@UnDecorator@@SAHXZ 100a4b60 f i LIBCMTD:undname.obj
 0002:0006cb80       ?doAccessSpecifiers@UnDecorator@@SAHXZ 100a4b80 f i LIBCMTD:undname.obj
 0002:0006cba0       ?doThrowTypes@UnDecorator@@SAHXZ 100a4ba0 f i LIBCMTD:undname.obj
 0002:0006cbc0       ?doMemberTypes@UnDecorator@@SAHXZ 100a4bc0 f i LIBCMTD:undname.obj
 0002:0006cbe0       ?doNameOnly@UnDecorator@@SAHXZ 100a4be0 f i LIBCMTD:undname.obj
 0002:0006cc00       ?doTypeOnly@UnDecorator@@SAHXZ 100a4c00 f i LIBCMTD:undname.obj
 0002:0006cc20       ?haveTemplateParameters@UnDecorator@@SAHXZ 100a4c20 f i LIBCMTD:undname.obj
 0002:0006cc40       ?doEcsu@UnDecorator@@SAHXZ 100a4c40 f i LIBCMTD:undname.obj
 0002:0006cc60       ?doEllipsis@UnDecorator@@SAHXZ 100a4c60 f i LIBCMTD:undname.obj
 0002:0006cc80       ?UScore@UnDecorator@@SAPBDW4Tokens@@@Z 100a4c80 f   LIBCMTD:undname.obj
 0002:0006ccc0       ?doUnderScore@UnDecorator@@SAHXZ 100a4cc0 f i LIBCMTD:undname.obj
 0002:0006cce0       ??2@YAPAXIAAV_HeapManager@@H@Z 100a4ce0 f i LIBCMTD:undname.obj
 0002:0006cd00       ?getMemory@_HeapManager@@QAEPAXIH@Z 100a4d00 f   LIBCMTD:undname.obj
 0002:0006ce50       ??0Block@_HeapManager@@QAE@XZ 100a4e50 f i LIBCMTD:undname.obj
 0002:0006ce70       ??H@YA?AVDName@@DABV0@@Z   100a4e70 f i LIBCMTD:undname.obj
 0002:0006ceb0       ??H@YA?AVDName@@W4DNameStatus@@ABV0@@Z 100a4eb0 f i LIBCMTD:undname.obj
 0002:0006cef0       ??H@YA?AVDName@@PBDABV0@@Z 100a4ef0 f i LIBCMTD:undname.obj
 0002:0006cf30       ??0DName@@QAE@XZ           100a4f30 f i LIBCMTD:undname.obj
 0002:0006d020       ??0DName@@QAE@D@Z          100a5020 f   LIBCMTD:undname.obj
 0002:0006d130       ??0DName@@QAE@ABV0@@Z      100a5130 f i LIBCMTD:undname.obj
 0002:0006d160       ??0DName@@QAE@PAV0@@Z      100a5160 f   LIBCMTD:undname.obj
 0002:0006d2e0       ??0DName@@QAE@PBD@Z        100a52e0 f   LIBCMTD:undname.obj
 0002:0006d410       ??0DName@@QAE@AAPBDD@Z     100a5410 f   LIBCMTD:undname.obj
 0002:0006d780       ?doNoIdentCharCheck@UnDecorator@@SAHXZ 100a5780 f i LIBCMTD:undname.obj
 0002:0006d7a0       ??0DName@@QAE@_K@Z         100a57a0 f   LIBCMTD:undname.obj
 0002:0006d930       ??0DName@@QAE@_J@Z         100a5930 f   LIBCMTD:undname.obj
 0002:0006db10       ??0DName@@QAE@W4DNameStatus@@@Z 100a5b10 f   LIBCMTD:undname.obj
 0002:0006dc70       ?isValid@DName@@QBEHXZ     100a5c70 f i LIBCMTD:undname.obj
 0002:0006dca0       ?isEmpty@DName@@QBEHXZ     100a5ca0 f i LIBCMTD:undname.obj
 0002:0006dcc0       ?status@DName@@QBE?AW4DNameStatus@@XZ 100a5cc0 f i LIBCMTD:undname.obj
 0002:0006dce0       ?setPtrRef@DName@@QAEAAV1@XZ 100a5ce0 f i LIBCMTD:undname.obj
 0002:0006dd10       ?isPtrRef@DName@@QBEHXZ    100a5d10 f i LIBCMTD:undname.obj
 0002:0006dd30       ?isUDC@DName@@QBEHXZ       100a5d30 f i LIBCMTD:undname.obj
 0002:0006dd80       ?setIsUDC@DName@@QAEXXZ    100a5d80 f i LIBCMTD:undname.obj
 0002:0006ddc0       ?isUDTThunk@DName@@QBEHXZ  100a5dc0 f i LIBCMTD:undname.obj
 0002:0006de10       ?setIsArray@DName@@QAEXXZ  100a5e10 f i LIBCMTD:undname.obj
 0002:0006de40       ?isArray@DName@@QBEHXZ     100a5e40 f i LIBCMTD:undname.obj
 0002:0006de60       ?isNoTE@DName@@QBEHXZ      100a5e60 f i LIBCMTD:undname.obj
 0002:0006de80       ?setIsNoTE@DName@@QAEXXZ   100a5e80 f i LIBCMTD:undname.obj
 0002:0006deb0       ?isPinPtr@DName@@QBEHXZ    100a5eb0 f i LIBCMTD:undname.obj
 0002:0006ded0       ?setIsPinPtr@DName@@QAEXXZ 100a5ed0 f i LIBCMTD:undname.obj
 0002:0006df00       ?isComArray@DName@@QBEHXZ  100a5f00 f i LIBCMTD:undname.obj
 0002:0006df20       ?setIsComArray@DName@@QAEXXZ 100a5f20 f i LIBCMTD:undname.obj
 0002:0006df50       ?isVCallThunk@DName@@QBEHXZ 100a5f50 f i LIBCMTD:undname.obj
 0002:0006df70       ?setIsVCallThunk@DName@@QAEXXZ 100a5f70 f i LIBCMTD:undname.obj
 0002:0006dfa0       ?length@DName@@QBEHXZ      100a5fa0 f i LIBCMTD:undname.obj
 0002:0006dfe0       ?getLastChar@DName@@QBEDXZ 100a5fe0 f i LIBCMTD:undname.obj
 0002:0006e020       ?getString@DName@@QBEPADPADH@Z 100a6020 f i LIBCMTD:undname.obj
 0002:0006e0d0       ?getString@DName@@QBEPADPAD0@Z 100a60d0 f i LIBCMTD:undname.obj
 0002:0006e120       ??HDName@@QBE?AV0@D@Z      100a6120 f   LIBCMTD:undname.obj
[...]
 0003:000131d0       ??_7pcharNode@@6B@         100bd1d0     LIBCMTD:undname.obj
 0003:000131e0       ??_7pDNameNode@@6B@        100bd1e0     LIBCMTD:undname.obj
 0003:000131f0       ??_7DNameStatusNode@@6B@   100bd1f0     LIBCMTD:undname.obj
 0003:00013200       ??_C@_04OKOHEJBO@?5?$DP?$DP?5?$AA@ 100bd200     LIBCMTD:undname.obj
 0003:00013208       ??_7pairNode@@6B@          100bd208     LIBCMTD:undname.obj
 0003:000137d0       ??_R4bad_exception@std@@6B@ 100bd7d0     LIBCMTD:frame.obj
 0003:000137e8       ??_R3bad_exception@std@@8  100bd7e8     LIBCMTD:frame.obj
 0003:000137fc       ??_R2bad_exception@std@@8  100bd7fc     LIBCMTD:frame.obj
 0003:00013808       ??_R1A@?0A@EA@bad_exception@std@@8 100bd808     LIBCMTD:frame.obj
 0003:0001382c       ??_R1A@?0A@EA@exception@std@@8 100bd82c     LIBCMTD:frame.obj
 0003:00013850       ??_R3exception@std@@8      100bd850     LIBCMTD:frame.obj
 0003:00013864       ??_R2exception@std@@8      100bd864     LIBCMTD:frame.obj
 0003:0001386c       ??_R4type_info@@6B@        100bd86c     LIBCMTD:typinfo.obj
 0003:00013884       ??_R3type_info@@8          100bd884     LIBCMTD:typinfo.obj
 0003:00013898       ??_R2type_info@@8          100bd898     LIBCMTD:typinfo.obj
 0003:000138a0       ??_R1A@?0A@EA@type_info@@8 100bd8a0     LIBCMTD:typinfo.obj
 0003:000138c4       ??_R4exception@std@@6B@    100bd8c4     LIBCMTD:stdexcpt.obj
 0003:000138dc       ??_R4bad_cast@std@@6B@     100bd8dc     LIBCMTD:stdexcpt.obj
 0003:000138f4       ??_R3bad_cast@std@@8       100bd8f4     LIBCMTD:stdexcpt.obj
 0003:00013908       ??_R2bad_cast@std@@8       100bd908     LIBCMTD:stdexcpt.obj
 0003:00013914       ??_R1A@?0A@EA@bad_cast@std@@8 100bd914     LIBCMTD:stdexcpt.obj
 0003:00013938       ??_R4bad_typeid@std@@6B@   100bd938     LIBCMTD:stdexcpt.obj
 0003:00013950       ??_R3bad_typeid@std@@8     100bd950     LIBCMTD:stdexcpt.obj
 0003:00013964       ??_R2bad_typeid@std@@8     100bd964     LIBCMTD:stdexcpt.obj
 0003:00013970       ??_R1A@?0A@EA@bad_typeid@std@@8 100bd970     LIBCMTD:stdexcpt.obj
 0003:00013994       ??_R4__non_rtti_object@std@@6B@ 100bd994     LIBCMTD:stdexcpt.obj
 0003:000139ac       ??_R3__non_rtti_object@std@@8 100bd9ac     LIBCMTD:stdexcpt.obj
 0003:000139c0       ??_R2__non_rtti_object@std@@8 100bd9c0     LIBCMTD:stdexcpt.obj
 0003:000139d0       ??_R1A@?0A@EA@__non_rtti_object@std@@8 100bd9d0     LIBCMTD:stdexcpt.obj
 0003:00013b00       ___rtc_iaa                 100bdb00     LIBCMTD:_initsect_.obj
 0003:00013c04       ___rtc_izz                 100bdc04     LIBCMTD:_initsect_.obj
 0003:00013d08       ___rtc_taa                 100bdd08     LIBCMTD:_initsect_.obj
 0003:00013e0c       ___rtc_tzz                 100bde0c     LIBCMTD:_initsect_.obj
 0003:00014840       __TI2?AVbad_exception@std@@ 100be840     LIBCMTD:frame.obj
 0003:00014854       __CTA2?AVbad_exception@std@@ 100be854     LIBCMTD:frame.obj
 0003:00014864       __CT??_R0?AVbad_exception@std@@@8??0bad_exception@std@@QAE@ABV01@@Z12 100be864     LIBCMTD:frame.obj
 0003:00014884       __CT??_R0?AVexception@std@@@8??0exception@std@@QAE@ABV01@@Z12 100be884     LIBCMTD:frame.obj
 0004:00000210       __crtDbgFlag               100c0210     LIBCMTD:dbgheap.obj
 0004:00000214       ___crtDebugFillThreshold   100c0214     LIBCMTD:dbgheap.obj
 0004:0000021c       __crtBreakAlloc            100c021c     LIBCMTD:dbgheap.obj
 0004:00000228       ___nullstring              100c0228     LIBCMTD:output.obj
 0004:0000022c       ___wnullstring             100c022c     LIBCMTD:output.obj
 0004:00000238       ___flsindex                100c0238     LIBCMTD:tidtable.obj
 0004:0000023c       ___getvalueindex           100c023c     LIBCMTD:tidtable.obj
 0004:00000248       __sys_errlist              100c0248     LIBCMTD:syserr.obj
 0004:000002f8       __sys_nerr                 100c02f8     LIBCMTD:syserr.obj
 0004:00000320       __iob                      100c0320     LIBCMTD:_file.obj
 0004:00000620       ___security_cookie         100c0620     LIBCMTD:gs_cookie.obj
 0004:00000624       ___security_cookie_complement 100c0624     LIBCMTD:gs_cookie.obj
 0004:00000630       __lookuptrailbytes         100c0630     LIBCMTD:read.obj
 0004:00000768       ___badioinfo               100c0768     LIBCMTD:ioinit.obj
 0004:00000918       __pfnAllocHook             100c0918     LIBCMTD:dbghook.obj
 0004:00000920       ___initialmbcinfo          100c0920     LIBCMTD:mbctype.obj
 0004:00000b40       __mbctype                  100c0b40     LIBCMTD:mbctype.obj
 0004:00000c48       __mbcasemap                100c0c48     LIBCMTD:mbctype.obj
 0004:00000d48       ___ptmbcinfo               100c0d48     LIBCMTD:mbctype.obj
 0004:00000f48       ___globallocalestatus      100c0f48     LIBCMTD:glstatus.obj
 0004:00000f4c       ___clocalestr              100c0f4c     LIBCMTD:nlsdata2.obj
 0004:00000f50       ___lc_time_c               100c0f50     LIBCMTD:nlsdata2.obj
 0004:00001100       ___initiallocinfo          100c1100     LIBCMTD:nlsdata2.obj
 0004:00001204       ___ptlocinfo               100c1204     LIBCMTD:nlsdata2.obj
 0004:00001208       ___initiallocalestructinfo 100c1208     LIBCMTD:nlsdata2.obj
 0004:00001214       __cfltcvt_tab              100c1214     LIBCMTD:cmiscdat.obj
 0004:00001250       __crtAssertBusy            100c1250     LIBCMTD:dbgrptt.obj
 0004:00001254       __CrtDbgMode               100c1254     LIBCMTD:dbgrptt.obj
 0004:00001260       __CrtDbgFile               100c1260     LIBCMTD:dbgrptt.obj
 0004:00001280       __NLG_Destination          100c1280     LIBCMTD:exsup.obj
 0004:00001298       ___lconv_static_decimal    100c1298     LIBCMTD:lconv.obj
 0004:0000129c       ___lconv_static_W_decimal  100c129c     LIBCMTD:lconv.obj
 0004:000012a0       ___lconv_c                 100c12a0     LIBCMTD:lconv.obj
 0004:000012f0       ___lconv                   100c12f0     LIBCMTD:lconv.obj
 0004:00001308       __pctype                   100c1308     LIBCMTD:ctype.obj
 0004:0000130c       __pwctype                  100c130c     LIBCMTD:ctype.obj
 0004:00001318       __confh                    100c1318     LIBCMTD:initcon.obj
 0004:0000131c       ___abort_behavior          100c131c     LIBCMTD:abort.obj
 0004:00001320       ??_R0?AVbad_exception@std@@@8 100c1320     LIBCMTD:frame.obj
 0004:00001348       ??_R0?AVexception@std@@@8  100c1348     LIBCMTD:frame.obj
 0004:00001370       ___mb_cur_max              100c1370     LIBCMTD:nlsdata1.obj
 0004:00001374       ___decimal_point           100c1374     LIBCMTD:nlsdata1.obj
 0004:00001378       ___decimal_point_length    100c1378     LIBCMTD:nlsdata1.obj
 0004:00001380       ??_R0?AVtype_info@@@8      100c1380     LIBCMTD:typinfo.obj
 0004:0000139c       ??_R0?AVbad_cast@std@@@8   100c139c     LIBCMTD:stdexcpt.obj
 0004:000013bc       ??_R0?AVbad_typeid@std@@@8 100c13bc     LIBCMTD:stdexcpt.obj
 0004:000013e0       ??_R0?AV__non_rtti_object@std@@@8 100c13e0     LIBCMTD:stdexcpt.obj
 0004:00001548       __aenvptr                  100c1548     LIBCMTD:dllcrt0.obj
 0004:0000154c       __wenvptr                  100c154c     LIBCMTD:dllcrt0.obj
 0004:00001550       ___error_mode              100c1550     LIBCMTD:dllcrt0.obj
 0004:00001554       ___app_type                100c1554     LIBCMTD:dllcrt0.obj
 0004:00001570       ?_pfnDumpClient@@3P6AXPAXI@ZA 100c1570     LIBCMTD:dbgheap.obj
 0004:00001578       ___crtDebugCheckCount      100c1578     LIBCMTD:dbgheap.obj
 0004:00001588       __newmode                  100c1588     LIBCMTD:_newmode.obj
 0004:0000158c       ___pInvalidArgHandler      100c158c     LIBCMTD:invarg.obj
 0004:00001590       _gpFlsAlloc                100c1590     LIBCMTD:tidtable.obj
 0004:00001594       _gpFlsGetValue             100c1594     LIBCMTD:tidtable.obj
 0004:00001598       _gpFlsSetValue             100c1598     LIBCMTD:tidtable.obj
 0004:0000159c       _gpFlsFree                 100c159c     LIBCMTD:tidtable.obj
 0004:000015a4       __cflush                   100c15a4     LIBCMTD:_file.obj
 0004:000015a8       __umaskval                 100c15a8     LIBCMTD:crt0dat.obj
 0004:000015ac       ___argc                    100c15ac     LIBCMTD:crt0dat.obj
 0004:000015b0       ___argv                    100c15b0     LIBCMTD:crt0dat.obj
 0004:000015b4       ___wargv                   100c15b4     LIBCMTD:crt0dat.obj
 0004:000015b8       __environ                  100c15b8     LIBCMTD:crt0dat.obj
 0004:000015bc       ___initenv                 100c15bc     LIBCMTD:crt0dat.obj
 0004:000015c0       __wenviron                 100c15c0     LIBCMTD:crt0dat.obj
 0004:000015c4       ___winitenv                100c15c4     LIBCMTD:crt0dat.obj
 0004:000015c8       __pgmptr                   100c15c8     LIBCMTD:crt0dat.obj
 0004:000015cc       __wpgmptr                  100c15cc     LIBCMTD:crt0dat.obj
 0004:000015d0       __exitflag                 100c15d0     LIBCMTD:crt0dat.obj
 0004:000015d4       __C_Termination_Done       100c15d4     LIBCMTD:crt0dat.obj
 0004:000015d8       __C_Exit_Done              100c15d8     LIBCMTD:crt0dat.obj
 0004:0000172c       __crtheap                  100c172c     LIBCMTD:heapinit.obj
 0004:00001730       ?_pnhHeap@@3P6AHI@ZA       100c1730     LIBCMTD:handler.obj
 0004:000018ec       ___mbulinfo                100c18ec     LIBCMTD:mbctype.obj
 0004:000018f8       ___mbcodepage              100c18f8     LIBCMTD:mbctype.obj
 0004:000018fc       ___ismbcodepage            100c18fc     LIBCMTD:mbctype.obj
 0004:00001900       ___mblcid                  100c1900     LIBCMTD:mbctype.obj
 0004:00001940       __commode                  100c1940     LIBCMTD:ncommode.obj
 0004:00002474       ?__pInconsistency@@3P6AXXZA 100c2474     LIBCMTD:hooks.obj
 0004:0000247c       ___pPurecall               100c247c     LIBCMTD:inithelp.obj
 0004:00002498       ___lconv_static_null       100c2498     LIBCMTD:lconv.obj
 0004:0000249c       ___lconv_static_W_null     100c249c     LIBCMTD:lconv.obj
 0004:000024a0       ___locale_changed          100c24a0     LIBCMTD:setlocal.obj
 0004:000024a4       __stdbuf                   100c24a4     LIBCMTD:_sftbuf.obj
 0004:000024b0       __fmode                    100c24b0     LIBCMTD:txtmode.obj
 0004:000024d4       ?pArgList@UnDecorator@@0PAVReplicator@@A 100c24d4     LIBCMTD:undname.obj
 0004:000024d8       ?pZNameList@UnDecorator@@0PAVReplicator@@A 100c24d8     LIBCMTD:undname.obj
 0004:000024dc       ?pTemplateArgList@UnDecorator@@0PAVReplicator@@A 100c24dc     LIBCMTD:undname.obj
 0004:000024e0       ?gName@UnDecorator@@0PBDB  100c24e0     LIBCMTD:undname.obj
 0004:000024e4       ?name@UnDecorator@@0PBDB   100c24e4     LIBCMTD:undname.obj
 0004:000024e8       ?outputString@UnDecorator@@0PADA 100c24e8     LIBCMTD:undname.obj
 0004:000024ec       ?maxStringLength@UnDecorator@@0HA 100c24ec     LIBCMTD:undname.obj
 0004:000024f0       ?disableFlags@UnDecorator@@0KA 100c24f0     LIBCMTD:undname.obj
 0004:000024f4       ?m_pGetParameter@UnDecorator@@0P6APADJ@ZA 100c24f4     LIBCMTD:undname.obj
 0004:000024f8       ?fExplicitTemplateParams@UnDecorator@@0_NA 100c24f8     LIBCMTD:undname.obj
 0004:000024f9       ?fGetTemplateArgumentList@UnDecorator@@0_NA 100c24f9     LIBCMTD:undname.obj
 0004:00002568       ?nodes@?1??make@DNameStatusNode@@SAPAV2@W4DNameStatus@@@Z@4PAV2@A 100c2568     LIBCMTD:undname.obj
 0004:000025a4       ??_B?1??make@DNameStatusNode@@SAPAV1@W4DNameStatus@@@Z@51 100c25a4     LIBCMTD:undname.obj
 0004:000025a8       ___setlc_active            100c25a8     <common>
 0004:000025b8       ___unguarded_readlc_active 100c25b8     <common>
 0004:000025bc       __pfnReportHook            100c25bc     <common>
 0004:000025cc       __pReportHookListW         100c25cc     <common>
 0004:000025d0       __pReportHookList          100c25d0     <common>
 0004:000025d4       __debugger_hook_dummy      100c25d4     <common>
 0004:000025e0       ___env_initialized         100c25e0     <common>
 0004:000025f0       ___onexitend               100c25f0     <common>
 0004:000025f4       ___onexitbegin             100c25f4     <common>
 0004:000025f8       ___mbctype_initialized     100c25f8     <common>
 0004:000025fc       __FPinit                   100c25fc     <common>
 0004:00002600       ___dyn_tls_init_callback   100c2600     <common>
 0004:00002604       __nhandle                  100c2604     <common>
 0004:00002660       ___pioinfo                 100c2660     <common>
 0004:00002760       ___piob                    100c2760     <common>
 0004:00002aa0       __bufin                    100c2aa0     <common>
 0004:00003aa0       __nstream                  100c3aa0     <common>
 0004:00003aa4       ___sse2_available          100c3aa4     <common>
 0004:00003ab0       __acmdln                   100c3ab0     <common>
 0005:00000000       __IMPORT_DESCRIPTOR_KERNEL32 100c4000     kernel32:KERNEL32.dll
 0005:00000014       __NULL_IMPORT_DESCRIPTOR   100c4014     kernel32:KERNEL32.dll
 0005:000001dc       __imp__CreateFileA@28      100c41dc     kernel32:KERNEL32.dll
 0005:000001e0       __imp__CloseHandle@4       100c41e0     kernel32:KERNEL32.dll
 0005:000001e4       __imp__CreateFileW@28      100c41e4     kernel32:KERNEL32.dll
 0005:000001e8       __imp__GetLastError@0      100c41e8     kernel32:KERNEL32.dll
 0005:000001ec       __imp__ReadFile@20         100c41ec     kernel32:KERNEL32.dll
 0005:000001f0       __imp__WriteFile@20        100c41f0     kernel32:KERNEL32.dll
 0005:000001f4       __imp__SetFilePointer@16   100c41f4     kernel32:KERNEL32.dll
 0005:000001f8       __imp__GetSystemTimeAsFileTime@4 100c41f8     kernel32:KERNEL32.dll
 0005:000001fc       __imp__GetCurrentThreadId@0 100c41fc     kernel32:KERNEL32.dll
 0005:00000200       __imp__DecodePointer@4     100c4200     kernel32:KERNEL32.dll
 0005:00000204       __imp__GetCommandLineA@0   100c4204     kernel32:KERNEL32.dll
 0005:00000208       __imp__IsProcessorFeaturePresent@4 100c4208     kernel32:KERNEL32.dll
 0005:0000020c       __imp__HeapValidate@12     100c420c     kernel32:KERNEL32.dll
 0005:00000210       __imp__IsBadReadPtr@8      100c4210     kernel32:KERNEL32.dll
 0005:00000214       __imp__TerminateProcess@8  100c4214     kernel32:KERNEL32.dll
 0005:00000218       __imp__GetCurrentProcess@0 100c4218     kernel32:KERNEL32.dll
 0005:0000021c       __imp__UnhandledExceptionFilter@4 100c421c     kernel32:KERNEL32.dll
 0005:00000220       __imp__SetUnhandledExceptionFilter@4 100c4220     kernel32:KERNEL32.dll
 0005:00000224       __imp__IsDebuggerPresent@0 100c4224     kernel32:KERNEL32.dll
 0005:00000228       __imp__EncodePointer@4     100c4228     kernel32:KERNEL32.dll
 0005:0000022c       __imp__GetModuleFileNameW@12 100c422c     kernel32:KERNEL32.dll
 0005:00000230       __imp__TlsAlloc@0          100c4230     kernel32:KERNEL32.dll
 0005:00000234       __imp__TlsGetValue@4       100c4234     kernel32:KERNEL32.dll
 0005:00000238       __imp__TlsSetValue@8       100c4238     kernel32:KERNEL32.dll
 0005:0000023c       __imp__TlsFree@4           100c423c     kernel32:KERNEL32.dll
 0005:00000240       __imp__GetProcAddress@8    100c4240     kernel32:KERNEL32.dll
 0005:00000244       __imp__GetModuleHandleW@4  100c4244     kernel32:KERNEL32.dll
 0005:00000248       __imp__InterlockedIncrement@4 100c4248     kernel32:KERNEL32.dll
 0005:0000024c       __imp__SetLastError@4      100c424c     kernel32:KERNEL32.dll
 0005:00000250       __imp__InterlockedDecrement@4 100c4250     kernel32:KERNEL32.dll
 0005:00000254       __imp__GetCurrentThread@0  100c4254     kernel32:KERNEL32.dll
 0005:00000258       __imp__EnterCriticalSection@4 100c4258     kernel32:KERNEL32.dll
 0005:0000025c       __imp__LeaveCriticalSection@4 100c425c     kernel32:KERNEL32.dll
 0005:00000260       __imp__InitializeCriticalSectionAndSpinCount@8 100c4260     kernel32:KERNEL32.dll
 0005:00000264       __imp__RtlUnwind@16        100c4264     kernel32:KERNEL32.dll
 0005:00000268       __imp__MultiByteToWideChar@24 100c4268     kernel32:KERNEL32.dll
 0005:0000026c       __imp__WideCharToMultiByte@32 100c426c     kernel32:KERNEL32.dll
 0005:00000270       __imp__GetConsoleCP@0      100c4270     kernel32:KERNEL32.dll
 0005:00000274       __imp__GetConsoleMode@8    100c4274     kernel32:KERNEL32.dll
 0005:00000278       __imp__SetHandleCount@4    100c4278     kernel32:KERNEL32.dll
 0005:0000027c       __imp__GetStdHandle@4      100c427c     kernel32:KERNEL32.dll
 0005:00000280       __imp__GetFileType@4       100c4280     kernel32:KERNEL32.dll
 0005:00000284       __imp__GetStartupInfoW@4   100c4284     kernel32:KERNEL32.dll
 0005:00000288       __imp__DeleteCriticalSection@4 100c4288     kernel32:KERNEL32.dll
 0005:0000028c       __imp__ExitProcess@4       100c428c     kernel32:KERNEL32.dll
 0005:00000290       __imp__GetModuleFileNameA@12 100c4290     kernel32:KERNEL32.dll
 0005:00000294       __imp__FreeEnvironmentStringsW@4 100c4294     kernel32:KERNEL32.dll
 0005:00000298       __imp__GetEnvironmentStringsW@0 100c4298     kernel32:KERNEL32.dll
 0005:0000029c       __imp__HeapCreate@12       100c429c     kernel32:KERNEL32.dll
 0005:000002a0       __imp__HeapDestroy@4       100c42a0     kernel32:KERNEL32.dll
 0005:000002a4       __imp__QueryPerformanceCounter@4 100c42a4     kernel32:KERNEL32.dll
 0005:000002a8       __imp__GetTickCount@0      100c42a8     kernel32:KERNEL32.dll
 0005:000002ac       __imp__GetCurrentProcessId@0 100c42ac     kernel32:KERNEL32.dll
 0005:000002b0       __imp__FatalAppExitA@8     100c42b0     kernel32:KERNEL32.dll
 0005:000002b4       __imp__HeapAlloc@12        100c42b4     kernel32:KERNEL32.dll
 0005:000002b8       __imp__HeapReAlloc@16      100c42b8     kernel32:KERNEL32.dll
 0005:000002bc       __imp__HeapSize@12         100c42bc     kernel32:KERNEL32.dll
 0005:000002c0       __imp__HeapQueryInformation@20 100c42c0     kernel32:KERNEL32.dll
 0005:000002c4       __imp__HeapFree@12         100c42c4     kernel32:KERNEL32.dll
 0005:000002c8       __imp__GetACP@0            100c42c8     kernel32:KERNEL32.dll
 0005:000002cc       __imp__GetOEMCP@0          100c42cc     kernel32:KERNEL32.dll
 0005:000002d0       __imp__GetCPInfo@8         100c42d0     kernel32:KERNEL32.dll
 0005:000002d4       __imp__IsValidCodePage@4   100c42d4     kernel32:KERNEL32.dll
 0005:000002d8       __imp__OutputDebugStringA@4 100c42d8     kernel32:KERNEL32.dll
 0005:000002dc       __imp__WriteConsoleW@20    100c42dc     kernel32:KERNEL32.dll
 0005:000002e0       __imp__OutputDebugStringW@4 100c42e0     kernel32:KERNEL32.dll
 0005:000002e4       __imp__SetConsoleCtrlHandler@8 100c42e4     kernel32:KERNEL32.dll
 0005:000002e8       __imp__LoadLibraryW@4      100c42e8     kernel32:KERNEL32.dll
 0005:000002ec       __imp__SetStdHandle@8      100c42ec     kernel32:KERNEL32.dll
 0005:000002f0       __imp__FlushFileBuffers@4  100c42f0     kernel32:KERNEL32.dll
 0005:000002f4       __imp__FreeLibrary@4       100c42f4     kernel32:KERNEL32.dll
 0005:000002f8       __imp__InterlockedExchange@8 100c42f8     kernel32:KERNEL32.dll
 0005:000002fc       __imp__GetLocaleInfoW@16   100c42fc     kernel32:KERNEL32.dll
 0005:00000300       __imp__LCMapStringW@24     100c4300     kernel32:KERNEL32.dll
 0005:00000304       __imp__GetStringTypeW@16   100c4304     kernel32:KERNEL32.dll
 0005:00000308       __imp__SetEndOfFile@4      100c4308     kernel32:KERNEL32.dll
 0005:0000030c       __imp__GetProcessHeap@0    100c430c     kernel32:KERNEL32.dll
 0005:00000310       __imp__GetLocaleInfoA@16   100c4310     kernel32:KERNEL32.dll
 0005:00000314       __imp__IsValidLocale@8     100c4314     kernel32:KERNEL32.dll
 0005:00000318       __imp__EnumSystemLocalesA@8 100c4318     kernel32:KERNEL32.dll
 0005:0000031c       __imp__GetUserDefaultLCID@0 100c431c     kernel32:KERNEL32.dll
 0005:00000320       __imp__RaiseException@16   100c4320     kernel32:KERNEL32.dll
 0005:00000324       \177KERNEL32_NULL_THUNK_DATA 100c4324     kernel32:KERNEL32.dll

 entry point at        0002:00000b40

